Component: ARM Compiler 5.05 update 1 (build 106) Tool: armlink [4d0efa]

==============================================================================

Section Cross References

    startup_cw32l010.o(RESET) refers to startup_cw32l010.o(STACK) for __initial_sp
    startup_cw32l010.o(RESET) refers to startup_cw32l010.o(.text) for Reset_Handler
    startup_cw32l010.o(RESET) refers to interrupts_cw32l010.o(i.NMI_Handler) for NMI_Handler
    startup_cw32l010.o(RESET) refers to interrupts_cw32l010.o(i.HardFault_Handler) for HardFault_Handler
    startup_cw32l010.o(RESET) refers to interrupts_cw32l010.o(i.SVC_Handler) for SVC_Handler
    startup_cw32l010.o(RESET) refers to interrupts_cw32l010.o(i.PendSV_Handler) for PendSV_Handler
    startup_cw32l010.o(RESET) refers to cw32l010_systick.o(i.SysTick_Handler) for SysTick_Handler
    startup_cw32l010.o(RESET) refers to interrupts_cw32l010.o(i.WDT_IRQHandler) for WDT_IRQHandler
    startup_cw32l010.o(RESET) refers to interrupts_cw32l010.o(i.LVD_IRQHandler) for LVD_IRQHandler
    startup_cw32l010.o(RESET) refers to interrupts_cw32l010.o(i.RTC_IRQHandler) for RTC_IRQHandler
    startup_cw32l010.o(RESET) refers to interrupts_cw32l010.o(i.FLASHRAM_IRQHandler) for FLASHRAM_IRQHandler
    startup_cw32l010.o(RESET) refers to interrupts_cw32l010.o(i.SYSCTRL_IRQHandler) for SYSCTRL_IRQHandler
    startup_cw32l010.o(RESET) refers to interrupts_cw32l010.o(i.GPIOA_IRQHandler) for GPIOA_IRQHandler
    startup_cw32l010.o(RESET) refers to interrupts_cw32l010.o(i.GPIOB_IRQHandler) for GPIOB_IRQHandler
    startup_cw32l010.o(RESET) refers to interrupts_cw32l010.o(i.ADC_IRQHandler) for ADC_IRQHandler
    startup_cw32l010.o(RESET) refers to interrupts_cw32l010.o(i.ATIM_IRQHandler) for ATIM_IRQHandler
    startup_cw32l010.o(RESET) refers to interrupts_cw32l010.o(i.VC1_IRQHandler) for VC1_IRQHandler
    startup_cw32l010.o(RESET) refers to interrupts_cw32l010.o(i.VC2_IRQHandler) for VC2_IRQHandler
    startup_cw32l010.o(RESET) refers to interrupts_cw32l010.o(i.GTIM1_IRQHandler) for GTIM1_IRQHandler
    startup_cw32l010.o(RESET) refers to interrupts_cw32l010.o(i.LPTIM_IRQHandler) for LPTIM_IRQHandler
    startup_cw32l010.o(RESET) refers to interrupts_cw32l010.o(i.BTIM1_IRQHandler) for BTIM1_IRQHandler
    startup_cw32l010.o(RESET) refers to interrupts_cw32l010.o(i.BTIM2_IRQHandler) for BTIM2_IRQHandler
    startup_cw32l010.o(RESET) refers to interrupts_cw32l010.o(i.BTIM3_IRQHandler) for BTIM3_IRQHandler
    startup_cw32l010.o(RESET) refers to interrupts_cw32l010.o(i.I2C1_IRQHandler) for I2C1_IRQHandler
    startup_cw32l010.o(RESET) refers to interrupts_cw32l010.o(i.SPI1_IRQHandler) for SPI1_IRQHandler
    startup_cw32l010.o(RESET) refers to interrupts_cw32l010.o(i.UART1_IRQHandler) for UART1_IRQHandler
    startup_cw32l010.o(RESET) refers to interrupts_cw32l010.o(i.UART2_IRQHandler) for UART2_IRQHandler
    startup_cw32l010.o(RESET) refers to interrupts_cw32l010.o(i.CLKFAULT_IRQHandler) for CLKFAULT_IRQHandler
    startup_cw32l010.o(.text) refers to system_cw32l010.o(i.SystemInit) for SystemInit
    startup_cw32l010.o(.text) refers to entry.o(.ARM.Collect$$$$00000000) for __main
    system_cw32l010.o(i.SystemCoreClockUpdate) refers to system_cw32l010.o(.data) for SystemCoreClock
    system_cw32l010.o(i.SystemInit) refers to system_cw32l010.o(i.SystemCoreClockUpdate) for SystemCoreClockUpdate
    cw32l010_sysctrl.o(i.SYSCTRL_AHBPeriphClk_Enable) refers to main.o(i.assert_failed) for assert_failed
    cw32l010_sysctrl.o(i.SYSCTRL_AHBPeriphReset) refers to main.o(i.assert_failed) for assert_failed
    cw32l010_sysctrl.o(i.SYSCTRL_APBPeriphClk_Enable1) refers to main.o(i.assert_failed) for assert_failed
    cw32l010_sysctrl.o(i.SYSCTRL_APBPeriphClk_Enable2) refers to main.o(i.assert_failed) for assert_failed
    cw32l010_sysctrl.o(i.SYSCTRL_APBPeriphReset1) refers to main.o(i.assert_failed) for assert_failed
    cw32l010_sysctrl.o(i.SYSCTRL_APBPeriphReset2) refers to main.o(i.assert_failed) for assert_failed
    cw32l010_sysctrl.o(i.SYSCTRL_CCS_Config) refers to main.o(i.assert_failed) for assert_failed
    cw32l010_sysctrl.o(i.SYSCTRL_ClearITPendingBit) refers to main.o(i.assert_failed) for assert_failed
    cw32l010_sysctrl.o(i.SYSCTRL_ClearRstFlag) refers to main.o(i.assert_failed) for assert_failed
    cw32l010_sysctrl.o(i.SYSCTRL_GetHClkFreq) refers to uidiv.o(.text) for __aeabi_uidivmod
    cw32l010_sysctrl.o(i.SYSCTRL_GetHClkFreq) refers to cw32l010_sysctrl.o(.constdata) for hsiprs_tbl
    cw32l010_sysctrl.o(i.SYSCTRL_GetITStatus) refers to main.o(i.assert_failed) for assert_failed
    cw32l010_sysctrl.o(i.SYSCTRL_GetPClkFreq) refers to cw32l010_sysctrl.o(i.SYSCTRL_GetHClkFreq) for SYSCTRL_GetHClkFreq
    cw32l010_sysctrl.o(i.SYSCTRL_GetRstFlag) refers to main.o(i.assert_failed) for assert_failed
    cw32l010_sysctrl.o(i.SYSCTRL_GetStableFlag) refers to main.o(i.assert_failed) for assert_failed
[...]
    Removing cw32l010_gtim.o(i.GTIM_MasterTRGOCfg), (100 bytes).
    Removing cw32l010_gtim.o(i.GTIM_RemapUpdateFlag), (100 bytes).
    Removing cw32l010_gtim.o(i.GTIM_SetCounterValue), (64 bytes).
    Removing cw32l010_gtim.o(i.GTIM_SetPrescaler), (84 bytes).
    Removing cw32l010_gtim.o(i.GTIM_SetReloadValue), (64 bytes).
    Removing cw32l010_gtim.o(i.GTIM_SlaverModeCfg), (264 bytes).
    Removing cw32l010_adc.o(.rev16_text), (4 bytes).
    Removing cw32l010_adc.o(.revsh_text), (4 bytes).
    Removing cw32l010_adc.o(i.ADC_ClearITPendingBit), (76 bytes).
    Removing cw32l010_adc.o(i.ADC_DeInit), (32 bytes).
    Removing cw32l010_adc.o(i.ADC_Disable), (18 bytes).
    Removing cw32l010_adc.o(i.ADC_ExtTrigCfg), (116 bytes).
    Removing cw32l010_adc.o(i.ADC_GetITStatus), (80 bytes).
    Removing cw32l010_adc.o(i.ADC_GetITStatusAll), (12 bytes).
    Removing cw32l010_adc.o(i.ADC_GetSqr0Result), (20 bytes).
    Removing cw32l010_adc.o(i.ADC_GetSqr1Result), (20 bytes).
    Removing cw32l010_adc.o(i.ADC_GetSqr2Result), (20 bytes).
    Removing cw32l010_adc.o(i.ADC_GetSqr3Result), (20 bytes).
    Removing cw32l010_adc.o(i.ADC_GetSqr4Result), (20 bytes).
    Removing cw32l010_adc.o(i.ADC_GetSqr5Result), (20 bytes).
    Removing cw32l010_adc.o(i.ADC_GetSqr6Result), (20 bytes).
    Removing cw32l010_adc.o(i.ADC_GetSqr7Result), (20 bytes).
    Removing cw32l010_adc.o(i.ADC_GetTs), (132 bytes).
    Removing cw32l010_adc.o(i.ADC_ITConfig), (112 bytes).
    Removing cw32l010_adc.o(i.ADC_SetTs), (72 bytes).
    Removing cw32l010_adc.o(i.ADC_WatchdogInit), (232 bytes).
    Removing cw32l010_i2c.o(.rev16_text), (4 bytes).
    Removing cw32l010_i2c.o(.revsh_text), (4 bytes).
    Removing cw32l010_i2c.o(i.I2C1_SoftwareResetCmd), (92 bytes).
    Removing cw32l010_i2c.o(i.I2C_ClearIrq), (64 bytes).
    Removing cw32l010_i2c.o(i.I2C_DisableInt), (56 bytes).
    Removing cw32l010_i2c.o(i.I2C_EnableInt), (56 bytes).
    Removing cw32l010_i2c.o(i.I2C_GenerateSTART), (104 bytes).
    Removing cw32l010_i2c.o(i.I2C_GenerateSTOP), (72 bytes).
    Removing cw32l010_i2c.o(i.I2C_GetIrq), (64 bytes).
    Removing cw32l010_i2c.o(i.I2C_GetState), (60 bytes).
    Removing cw32l010_i2c.o(i.I2C_MasterRecDataFromSlave), (298 bytes).
    Removing cw32l010_i2c.o(i.I2C_MasterSendDataToSlave), (242 bytes).
    Removing cw32l010_i2c.o(i.I2C_Master_Init), (156 bytes).
    Removing cw32l010_i2c.o(i.I2C_ReceiveData), (60 bytes).
    Removing cw32l010_i2c.o(i.I2C_Send7bitAddress), (96 bytes).
    Removing cw32l010_i2c.o(i.I2C_SendData), (60 bytes).
    Removing cw32l010_i2c.o(i.I2C_SetBaud), (76 bytes).
    Removing cw32l010_i2c.o(i.I2C_SlaveRecDataFromMaster), (140 bytes).
    Removing cw32l010_i2c.o(i.I2C_SlaveSendDataToMaster), (160 bytes).
    Removing cw32l010_hal_gpio.o(.rev16_text), (4 bytes).
    Removing cw32l010_hal_gpio.o(.revsh_text), (4 bytes).
    Removing main.o(.rev16_text), (4 bytes).
    Removing main.o(.revsh_text), (4 bytes).
    Removing gpio.o(.rev16_text), (4 bytes).
    Removing gpio.o(.revsh_text), (4 bytes).
    Removing uart.o(.rev16_text), (4 bytes).
    Removing uart.o(.revsh_text), (4 bytes).
    Removing uart.o(i.__write), (60 bytes).
    Removing uart.o(i.fputc), (36 bytes).
    Removing time.o(.rev16_text), (4 bytes).
    Removing time.o(.revsh_text), (4 bytes).
    Removing adc.o(.rev16_text), (4 bytes).
    Removing adc.o(.revsh_text), (4 bytes).
    Removing flash.o(.rev16_text), (4 bytes).
    Removing flash.o(.revsh_text), (4 bytes).
    Removing i2c.o(.rev16_text), (4 bytes).
    Removing i2c.o(.revsh_text), (4 bytes).
    Removing control.o(.rev16_text), (4 bytes).
    Removing control.o(.revsh_text), (4 bytes).
    Removing light.o(.rev16_text), (4 bytes).
    Removing light.o(.revsh_text), (4 bytes).
    Removing mymath.o(.rev16_text), (4 bytes).
    Removing mymath.o(.revsh_text), (4 bytes).
    Removing mymath.o(i.lv_color_hsv_to_rgb), (236 bytes).
    Removing sys_config_and_flash.o(.rev16_text), (4 bytes).
    Removing sys_config_and_flash.o(.revsh_text), (4 bytes).
    Removing sys_config_and_flash.o(i.get_sys_conf_is_read_only), (28 bytes).
    Removing binary.o(.rev16_text), (4 bytes).
    Removing binary.o(.revsh_text), (4 bytes).
    Removing binary.o(i.binary_init), (2 bytes).
    Removing gray.o(.rev16_text), (4 bytes).
    Removing gray.o(.revsh_text), (4 bytes).
    Removing register.o(.rev16_text), (4 bytes).
    Removing register.o(.revsh_text), (4 bytes).
    Removing color2.o(.rev16_text), (4 bytes).
    Removing color2.o(.revsh_text), (4 bytes).
    Removing dmul.o(.text), (208 bytes).
    Removing dflti.o(.text), (40 bytes).
    Removing dfltui.o(.text), (28 bytes).
    Removing d2f.o(.text), (56 bytes).

242 unused section(s) (total 18048 bytes) removed from the image.

==============================================================================

Image Symbol Table

    Local Symbols

    Symbol Name                              Value     Ov Type        Size  Object(Section)

    ../clib/microlib/division.c              0x00000000   Number         0  ldiv.o ABSOLUTE
    ../clib/microlib/division.c              0x00000000   Number         0  uidiv.o ABSOLUTE
    ../clib/microlib/division.c              0x00000000   Number         0  idiv.o ABSOLUTE
    ../clib/microlib/division.c              0x00000000   Number         0  uldiv.o ABSOLUTE
    ../clib/microlib/init/entry.s            0x00000000   Number         0  entry9a.o ABSOLUTE
    ../clib/microlib/init/entry.s            0x00000000   Number         0  entry8b.o ABSOLUTE
    ../clib/microlib/init/entry.s            0x00000000   Number         0  entry7b.o ABSOLUTE
    ../clib/microlib/init/entry.s            0x00000000   Number         0  entry7a.o ABSOLUTE
    ../clib/microlib/init/entry.s            0x00000000   Number         0  entry5.o ABSOLUTE
    ../clib/microlib/init/entry.s            0x00000000   Number         0  entry2.o ABSOLUTE
    ../clib/microlib/init/entry.s            0x00000000   Number         0  entry.o ABSOLUTE
    ../clib/microlib/init/entry.s            0x00000000   Number         0  entry11b.o ABSOLUTE
    ../clib/microlib/init/entry.s            0x00000000   Number         0  entry9b.o ABSOLUTE
    ../clib/microlib/init/entry.s            0x00000000   Number         0  entry11a.o ABSOLUTE
    ../clib/microlib/init/entry.s            0x00000000   Number         0  entry10b.o ABSOLUTE
    ../clib/microlib/init/entry.s            0x00000000   Number         0  entry8a.o ABSOLUTE
    ../clib/microlib/init/entry.s            0x00000000   Number         0  entry10a.o ABSOLUTE
    ../clib/microlib/longlong.c              0x00000000   Number         0  llsshr.o ABSOLUTE
    ../clib/microlib/longlong.c              0x00000000   Number         0  llshl.o ABSOLUTE
    ../clib/microlib/longlong.c              0x00000000   Number         0  llushr.o ABSOLUTE
    ../clib/microlib/malloc/malloc.c         0x00000000   Number         0  malloca.o ABSOLUTE
    ../clib/microlib/malloc/malloc.c         0x00000000   Number         0  mallocr.o ABSOLUTE
    ../clib/microlib/malloc/malloc.c         0x00000000   Number         0  malloc.o ABSOLUTE
    ../clib/microlib/malloc/malloc.c         0x00000000   Number         0  mallocra.o ABSOLUTE
    ../clib/microlib/malloc/mvars.c          0x00000000   Number         0  mvars.o ABSOLUTE
    ../clib/microlib/string/memcpy.c         0x00000000   Number         0  memcpya.o ABSOLUTE
    ../clib/microlib/string/memcpy.c         0x00000000   Number         0  memcpyb.o ABSOLUTE
    ../clib/microlib/string/memset.c         0x00000000   Number         0  memseta.o ABSOLUTE
    ../clib/microlib/stubs.s                 0x00000000   Number         0  iusefp.o ABSOLUTE
    ../fplib/microlib/d2f.c                  0x00000000   Number         0  d2f.o ABSOLUTE
    ../fplib/microlib/f2d.c                  0x00000000   Number         0  f2d.o ABSOLUTE
    ../fplib/microlib/fpadd.c                0x00000000   Number         0  dadd.o ABSOLUTE
    ../fplib/microlib/fpadd.c                0x00000000   Number         0  fadd.o ABSOLUTE
    ../fplib/microlib/fpdiv.c                0x00000000   Number         0  fdiv.o ABSOLUTE
    ../fplib/microlib/fpepilogue.c           0x00000000   Number         0  fepilogue.o ABSOLUTE
    ../fplib/microlib/fpepilogue.c           0x00000000   Number         0  depilogue.o ABSOLUTE
    ../fplib/microlib/fpfix.c                0x00000000   Number         0  dfixui.o ABSOLUTE
    ../fplib/microlib/fpfix.c                0x00000000   Number         0  ffixui.o ABSOLUTE
    ../fplib/microlib/fpfix.c                0x00000000   Number         0  ffixi.o ABSOLUTE
    ../fplib/microlib/fpflt.c                0x00000000   Number         0  dflti.o ABSOLUTE
    ../fplib/microlib/fpflt.c                0x00000000   Number         0  dfltui.o ABSOLUTE
    ../fplib/microlib/fpflt.c                0x00000000   Number         0  ffltui.o ABSOLUTE
    ../fplib/microlib/fpflt.c                0x00000000   Number         0  fflti.o ABSOLUTE
    ../fplib/microlib/fpmul.c                0x00000000   Number         0  fmul.o ABSOLUTE
    ../fplib/microlib/fpmul.c                0x00000000   Number         0  dmul.o ABSOLUTE
    ..\Core\Src\cw32l010_adc.c               0x00000000   Number         0  cw32l010_adc.o ABSOLUTE
    ..\Core\Src\cw32l010_atim.c              0x00000000   Number         0  cw32l010_atim.o ABSOLUTE
    ..\Core\Src\cw32l010_flash.c             0x00000000   Number         0  cw32l010_flash.o ABSOLUTE
    ..\Core\Src\cw32l010_gpio.c              0x00000000   Number         0  cw32l010_gpio.o ABSOLUTE
    ..\Core\Src\cw32l010_gtim.c              0x00000000   Number         0  cw32l010_gtim.o ABSOLUTE
    ..\Core\Src\cw32l010_i2c.c               0x00000000   Number         0  cw32l010_i2c.o ABSOLUTE
    ..\Core\Src\cw32l010_sysctrl.c           0x00000000   Number         0  cw32l010_sysctrl.o ABSOLUTE
    ..\Core\Src\cw32l010_systick.c           0x00000000   Number         0  cw32l010_systick.o ABSOLUTE
    ..\Core\Src\cw32l010_uart.c              0x00000000   Number         0  cw32l010_uart.o ABSOLUTE
    ..\Core\Src\system_cw32l010.c            0x00000000   Number         0  system_cw32l010.o ABSOLUTE
    ..\Drivers\CW32L010_HAL_Driver\Src\cw32l010_hal_gpio.c 0x00000000   Number         0  cw32l010_hal_gpio.o ABSOLUTE
    ..\\Core\\Src\\cw32l010_adc.c            0x00000000   Number         0  cw32l010_adc.o ABSOLUTE
    ..\\Core\\Src\\cw32l010_atim.c           0x00000000   Number         0  cw32l010_atim.o ABSOLUTE
    ..\\Core\\Src\\cw32l010_flash.c          0x00000000   Number         0  cw32l010_flash.o ABSOLUTE
    ..\\Core\\Src\\cw32l010_gpio.c           0x00000000   Number         0  cw32l010_gpio.o ABSOLUTE
    ..\\Core\\Src\\cw32l010_gtim.c           0x00000000   Number         0  cw32l010_gtim.o ABSOLUTE
    ..\\Core\\Src\\cw32l010_i2c.c            0x00000000   Number         0  cw32l010_i2c.o ABSOLUTE
    ..\\Core\\Src\\cw32l010_sysctrl.c        0x00000000   Number         0  cw32l010_sysctrl.o ABSOLUTE
    ..\\Core\\Src\\cw32l010_systick.c        0x00000000   Number         0  cw32l010_systick.o ABSOLUTE
    ..\\Core\\Src\\cw32l010_uart.c           0x00000000   Number         0  cw32l010_uart.o ABSOLUTE
    ..\\Core\\Src\\system_cw32l010.c         0x00000000   Number         0  system_cw32l010.o ABSOLUTE
    ..\\Drivers\\CW32L010_HAL_Driver\\Src\\cw32l010_hal_gpio.c 0x00000000   Number         0  cw32l010_hal_gpio.o ABSOLUTE
    Control\Src\binary.c                     0x00000000   Number         0  binary.o ABSOLUTE
    Control\Src\color2.c                     0x00000000   Number         0  color2.o ABSOLUTE
    Control\Src\control.c                    0x00000000   Number         0  control.o ABSOLUTE
    Control\Src\gray.c                       0x00000000   Number         0  gray.o ABSOLUTE
    Control\Src\light.c                      0x00000000   Number         0  light.o ABSOLUTE
    Control\Src\myMath.c                     0x00000000   Number         0  mymath.o ABSOLUTE
    Control\Src\register.c                   0x00000000   Number         0  register.o ABSOLUTE
    Control\Src\sys_config_and_flash.c       0x00000000   Number         0  sys_config_and_flash.o ABSOLUTE
    Control\\Src\\binary.c                   0x00000000   Number         0  binary.o ABSOLUTE
    Control\\Src\\color2.c                   0x00000000   Number         0  color2.o ABSOLUTE
    Control\\Src\\control.c                  0x00000000   Number         0  control.o ABSOLUTE
    Control\\Src\\gray.c                     0x00000000   Number         0  gray.o ABSOLUTE
    Control\\Src\\light.c                    0x00000000   Number         0  light.o ABSOLUTE
    Control\\Src\\myMath.c                   0x00000000   Number         0  mymath.o ABSOLUTE
    Control\\Src\\register.c                 0x00000000   Number         0  register.o ABSOLUTE
    Control\\Src\\sys_config_and_flash.c     0x00000000   Number         0  sys_config_and_flash.o ABSOLUTE
    User\Src\adc.c                           0x00000000   Number         0  adc.o ABSOLUTE
    User\Src\flash.c                         0x00000000   Number         0  flash.o ABSOLUTE
    User\Src\gpio.c                          0x00000000   Number         0  gpio.o ABSOLUTE
    User\Src\i2c.c                           0x00000000   Number         0  i2c.o ABSOLUTE
    User\Src\interrupts_cw32l010.c           0x00000000   Number         0  interrupts_cw32l010.o ABSOLUTE
    User\Src\main.c                          0x00000000   Number         0  main.o ABSOLUTE
    User\Src\time.c                          0x00000000   Number         0  time.o ABSOLUTE
    User\Src\uart.c                          0x00000000   Number         0  uart.o ABSOLUTE
    User\\Src\\adc.c                         0x00000000   Number         0  adc.o ABSOLUTE
    User\\Src\\flash.c                       0x00000000   Number         0  flash.o ABSOLUTE
    User\\Src\\gpio.c                        0x00000000   Number         0  gpio.o ABSOLUTE
    User\\Src\\i2c.c                         0x00000000   Number         0  i2c.o ABSOLUTE
    User\\Src\\main.c                        0x00000000   Number         0  main.o ABSOLUTE
    User\\Src\\time.c                        0x00000000   Number         0  time.o ABSOLUTE
    User\\Src\\uart.c                        0x00000000   Number         0  uart.o ABSOLUTE
    dc.s                                     0x00000000   Number         0  dc.o ABSOLUTE
    handlers.s                               0x00000000   Number         0  handlers.o ABSOLUTE
    init.s                                   0x00000000   Number         0  init.o ABSOLUTE
    startup_cw32l010.s                       0x00000000   Number         0  startup_cw32l010.o ABSOLUTE
    RESET                                    0x00002800   Section      192  startup_cw32l010.o(RESET)
    .ARM.Collect$$$$00000000                 0x000028c0   Section        0  entry.o(.ARM.Collect$$$$00000000)
    .ARM.Collect$$$$00000001                 0x000028c0   Section        4  entry2.o(.ARM.Collect$$$$00000001)
    .ARM.Collect$$$$00000004                 0x000028c4   Section        4  entry5.o(.ARM.Collect$$$$00000004)
    .ARM.Collect$$$$00000008                 0x000028c8   Section        0  entry7b.o(.ARM.Collect$$$$00000008)
    .ARM.Collect$$$$0000000A                 0x000028c8   Section        0  entry8b.o(.ARM.Collect$$$$0000000A)
    .ARM.Collect$$$$0000000B                 0x000028c8   Section        8  entry9a.o(.ARM.Collect$$$$0000000B)
    .ARM.Collect$$$$0000000D                 0x000028d0   Section        0  entry10a.o(.ARM.Collect$$$$0000000D)
    .ARM.Collect$$$$0000000F                 0x000028d0   Section        0  entry11a.o(.ARM.Collect$$$$0000000F)
    .ARM.Collect$$$$00002712                 0x000028d0   Section        4  entry2.o(.ARM.Collect$$$$00002712)
    __lit__00000000                          0x000028d0   Data           4  entry2.o(.ARM.Collect$$$$00002712)
    .text                                    0x000028d4   Section       40  startup_cw32l010.o(.text)
    .text                                    0x000028fc   Section        0  uidiv.o(.text)
    .text                                    0x00002928   Section        0  idiv.o(.text)
    .text                                    0x00002950   Section        0  memcpya.o(.text)
    .text                                    0x00002974   Section        0  memseta.o(.text)
    .text                                    0x00002998   Section        0  fadd.o(.text)
    .text                                    0x00002a4a   Section        0  fmul.o(.text)
    .text                                    0x00002ac4   Section        0  fdiv.o(.text)
    .text                                    0x00002b40   Section        0  dadd.o(.text)
    .text                                    0x00002ca4   Section        0  fflti.o(.text)
    .text                                    0x00002cba   Section        0  ffltui.o(.text)
    .text                                    0x00002cc8   Section        0  ffixi.o(.text)
    .text                                    0x00002cfa   Section        0  ffixui.o(.text)
    .text                                    0x00002d24   Section        0  dfixui.o(.text)
    .text                                    0x00002d60   Section        0  f2d.o(.text)
    .text                                    0x00002d88   Section        0  llshl.o(.text)
    .text                                    0x00002da8   Section        0  llushr.o(.text)
    .text                                    0x00002dca   Section        0  llsshr.o(.text)
    .text                                    0x00002df0   Section        0  fepilogue.o(.text)
    .text                                    0x00002df0   Section        0  iusefp.o(.text)
    .text                                    0x00002e72   Section        0  depilogue.o(.text)
    .text                                    0x00002f30   Section       36  init.o(.text)
    i.ADC_ClearITPendingAll                  0x00002f54   Section        0  cw32l010_adc.o(i.ADC_ClearITPendingAll)
    i.ADC_Enable                             0x00002f60   Section        0  cw32l010_adc.o(i.ADC_Enable)
    i.ADC_GetConversionValue                 0x00002f74   Section        0  cw32l010_adc.o(i.ADC_GetConversionValue)
    i.ADC_IRQHandler                         0x00002fb4   Section        0  interrupts_cw32l010.o(i.ADC_IRQHandler)
    i.ADC_Init                               0x00002fb8   Section        0  cw32l010_adc.o(i.ADC_Init)
    i.ADC_SoftwareStartConvCmd               0x000031b0   Section        0  cw32l010_adc.o(i.ADC_SoftwareStartConvCmd)
    i.ATIM_CH1Config                         0x0000320c   Section        0  cw32l010_atim.o(i.ATIM_CH1Config)
    i.ATIM_CH2Config                         0x00003258   Section        0  cw32l010_atim.o(i.ATIM_CH2Config)
    i.ATIM_Cmd                               0x000032a8   Section        0  cw32l010_atim.o(i.ATIM_Cmd)
    i.ATIM_CtrlPWMOutputs                    0x000032c0   Section        0  cw32l010_atim.o(i.ATIM_CtrlPWMOutputs)
    i.ATIM_IRQHandler                        0x00003314   Section        0  interrupts_cw32l010.o(i.ATIM_IRQHandler)
    i.ATIM_Init                              0x00003318   Section        0  cw32l010_atim.o(i.ATIM_Init)
    i.ATIM_OC1Init                           0x000033e4   Section        0  cw32l010_atim.o(i.ATIM_OC1Init)
    i.ATIM_OC2Init                           0x0000351c   Section        0  cw32l010_atim.o(i.ATIM_OC2Init)
    i.ATIM_SetCompare1                       0x00003668   Section        0  cw32l010_atim.o(i.ATIM_SetCompare1)
    i.ATIM_SetCompare2                       0x00003674   Section        0  cw32l010_atim.o(i.ATIM_SetCompare2)
    i.BTIM1_IRQHandler                       0x00003680   Section        0  interrupts_cw32l010.o(i.BTIM1_IRQHandler)
    i.BTIM2_IRQHandler                       0x00003682   Section        0  interrupts_cw32l010.o(i.BTIM2_IRQHandler)
    i.BTIM3_IRQHandler                       0x00003684   Section        0  interrupts_cw32l010.o(i.BTIM3_IRQHandler)
    i.CLKFAULT_IRQHandler                    0x00003686   Section        0  interrupts_cw32l010.o(i.CLKFAULT_IRQHandler)
    i.FLASHRAM_IRQHandler                    0x00003688   Section        0  interrupts_cw32l010.o(i.FLASHRAM_IRQHandler)
    i.FLASH_ErasePages                       0x0000368c   Section        0  cw32l010_flash.o(i.FLASH_ErasePages)
    i.FLASH_LockAllPages                     0x000036fc   Section        0  cw32l010_flash.o(i.FLASH_LockAllPages)
    i.FLASH_SetLatency                       0x0000370c   Section        0  cw32l010_flash.o(i.FLASH_SetLatency)
    i.FLASH_UnlockPages                      0x00003768   Section        0  cw32l010_flash.o(i.FLASH_UnlockPages)
    i.FLASH_WriteBytes                       0x000037c4   Section        0  cw32l010_flash.o(i.FLASH_WriteBytes)
    i.GPIOA_IRQHandler                       0x00003838   Section        0  interrupts_cw32l010.o(i.GPIOA_IRQHandler)
    i.GPIOB_IRQHandler                       0x0000383a   Section        0  interrupts_cw32l010.o(i.GPIOB_IRQHandler)
    i.GPIO_Init                              0x0000383c   Section        0  cw32l010_gpio.o(i.GPIO_Init)
    i.GPIO_ReadPin                           0x00003914   Section        0  cw32l010_gpio.o(i.GPIO_ReadPin)
    i.GPIO_WritePin                          0x00003926   Section        0  cw32l010_gpio.o(i.GPIO_WritePin)
    i.GTIM1_IRQHandler                       0x00003932   Section        0  interrupts_cw32l010.o(i.GTIM1_IRQHandler)
    i.GTIM_Cmd                               0x00003934   Section        0  cw32l010_gtim.o(i.GTIM_Cmd)
    i.GTIM_OC1Cmd                            0x00003990   Section        0  cw32l010_gtim.o(i.GTIM_OC1Cmd)
    i.GTIM_OC1ModeCfg                        0x000039e8   Section        0  cw32l010_gtim.o(i.GTIM_OC1ModeCfg)
    i.GTIM_OC2Cmd                            0x00003ae8   Section        0  cw32l010_gtim.o(i.GTIM_OC2Cmd)
    i.GTIM_OC2ModeCfg                        0x00003b44   Section        0  cw32l010_gtim.o(i.GTIM_OC2ModeCfg)
    i.GTIM_OC3Cmd                            0x00003c4c   Section        0  cw32l010_gtim.o(i.GTIM_OC3Cmd)
    i.GTIM_OC3ModeCfg                        0x00003cac   Section        0  cw32l010_gtim.o(i.GTIM_OC3ModeCfg)
    i.GTIM_OC4Cmd                            0x00003db0   Section        0  cw32l010_gtim.o(i.GTIM_OC4Cmd)
    i.GTIM_OC4ModeCfg                        0x00003e10   Section        0  cw32l010_gtim.o(i.GTIM_OC4ModeCfg)
    i.GTIM_SetCompare1                       0x00003f1c   Section        0  cw32l010_gtim.o(i.GTIM_SetCompare1)
    i.GTIM_SetCompare2                       0x00003f5c   Section        0  cw32l010_gtim.o(i.GTIM_SetCompare2)
    i.GTIM_SetCompare3                       0x00003f9c   Section        0  cw32l010_gtim.o(i.GTIM_SetCompare3)
    i.GTIM_SetCompare4                       0x00003fd8   Section        0  cw32l010_gtim.o(i.GTIM_SetCompare4)
    i.GTIM_TimeBaseInit                      0x00004018   Section        0  cw32l010_gtim.o(i.GTIM_TimeBaseInit)
    i.GetTick                                0x00004128   Section        0  cw32l010_systick.o(i.GetTick)
    i.Grayscale_Init                         0x00004134   Section        0  gray.o(i.Grayscale_Init)
    i.HAL_ADC_MspInit                        0x00004144   Section        0  adc.o(i.HAL_ADC_MspInit)
    HAL_ADC_MspInit                          0x00004145   Thumb Code    22  adc.o(i.HAL_ADC_MspInit)
    i.HAL_Flash_Init                         0x0000415a   Section        0  flash.o(i.HAL_Flash_Init)
    i.HAL_Flash_Read                         0x0000415c   Section        0  flash.o(i.HAL_Flash_Read)
    i.HAL_Flash_Sync                         0x00004184   Section        0  flash.o(i.HAL_Flash_Sync)
    i.HAL_Flash_Write                        0x000041c8   Section        0  flash.o(i.HAL_Flash_Write)
    i.HAL_I2c_MspInit                        0x000041e8   Section        0  i2c.o(i.HAL_I2c_MspInit)
    HAL_I2c_MspInit                          0x000041e9   Thumb Code   128  i2c.o(i.HAL_I2c_MspInit)
    i.HAL_TIME_GPIO_Init                     0x00004270   Section        0  time.o(i.HAL_TIME_GPIO_Init)
    HAL_TIME_GPIO_Init                       0x00004271   Thumb Code   328  time.o(i.HAL_TIME_GPIO_Init)
    i.HAL_UART_Init                          0x000043cc   Section        0  uart.o(i.HAL_UART_Init)
    HAL_UART_Init                            0x000043cd   Thumb Code    20  uart.o(i.HAL_UART_Init)
    i.HardFault_Handler                      0x000043e0   Section        0  interrupts_cw32l010.o(i.HardFault_Handler)
    i.I2C1_DeInit                            0x000043e4   Section        0  cw32l010_i2c.o(i.I2C1_DeInit)
    i.I2C1_IRQHandler                        0x00004410   Section        0  interrupts_cw32l010.o(i.I2C1_IRQHandler)
    i.I2C1_IRQHandlerCallback                0x00004418   Section        0  i2c.o(i.I2C1_IRQHandlerCallback)
    i.I2C_AcknowledgeConfig                  0x00004530   Section        0  cw32l010_i2c.o(i.I2C_AcknowledgeConfig)
    i.I2C_Cmd                                0x00004594   Section        0  cw32l010_i2c.o(i.I2C_Cmd)
    i.I2C_FilterConfig                       0x000045f8   Section        0  cw32l010_i2c.o(i.I2C_FilterConfig)
    i.I2C_GcConfig                           0x0000465c   Section        0  cw32l010_i2c.o(i.I2C_GcConfig)
    i.I2C_SetOwnSlaveAddress0                0x000046c0   Section        0  cw32l010_i2c.o(i.I2C_SetOwnSlaveAddress0)
    i.I2C_SetOwnSlaveAddress1                0x0000470c   Section        0  cw32l010_i2c.o(i.I2C_SetOwnSlaveAddress1)
    i.I2C_SetOwnSlaveAddress2                0x00004758   Section        0  cw32l010_i2c.o(i.I2C_SetOwnSlaveAddress2)
    i.I2C_Slave_Init                         0x000047a4   Section        0  cw32l010_i2c.o(i.I2C_Slave_Init)
    i.InitTick                               0x00004820   Section        0  cw32l010_systick.o(i.InitTick)
    i.LPTIM_IRQHandler                       0x0000488c   Section        0  interrupts_cw32l010.o(i.LPTIM_IRQHandler)
    i.LVD_IRQHandler                         0x0000488e   Section        0  interrupts_cw32l010.o(i.LVD_IRQHandler)
    i.MAX_ADC_Init                           0x00004890   Section        0  adc.o(i.MAX_ADC_Init)
    i.MAX_ATIME_Init                         0x000048d0   Section        0  time.o(i.MAX_ATIME_Init)
    i.MAX_GTIME_Init                         0x00004978   Section        0  time.o(i.MAX_GTIME_Init)
    i.MAX_I2C_Init                           0x00004a68   Section        0  i2c.o(i.MAX_I2C_Init)
    i.MAX_I2C_addr_get_other                 0x00004b04   Section        0  i2c.o(i.MAX_I2C_addr_get_other)
    i.MAX_I2C_addr_other_changle             0x00004b18   Section        0  i2c.o(i.MAX_I2C_addr_other_changle)
    i.MAX_UART2_Init                         0x00004b4c   Section        0  uart.o(i.MAX_UART2_Init)
    i.MX_GPIO_Init                           0x00004b88   Section        0  gpio.o(i.MX_GPIO_Init)
    i.NMI_Handler                            0x00004bc0   Section        0  interrupts_cw32l010.o(i.NMI_Handler)
    i.PendSV_Handler                         0x00004bc2   Section        0  interrupts_cw32l010.o(i.PendSV_Handler)
    i.RTC_IRQHandler                         0x00004bc4   Section        0  interrupts_cw32l010.o(i.RTC_IRQHandler)
    i.SPI1_IRQHandler                        0x00004bc6   Section        0  interrupts_cw32l010.o(i.SPI1_IRQHandler)
    i.SVC_Handler                            0x00004bc8   Section        0  interrupts_cw32l010.o(i.SVC_Handler)
    i.SYSCTRL_AHBPeriphClk_Enable            0x00004bcc   Section        0  cw32l010_sysctrl.o(i.SYSCTRL_AHBPeriphClk_Enable)
    i.SYSCTRL_APBPeriphClk_Enable1           0x00004c3c   Section        0  cw32l010_sysctrl.o(i.SYSCTRL_APBPeriphClk_Enable1)
    i.SYSCTRL_GetHClkFreq                    0x00004ca8   Section        0  cw32l010_sysctrl.o(i.SYSCTRL_GetHClkFreq)
    i.SYSCTRL_HSI_Enable                     0x00004d28   Section        0  cw32l010_sysctrl.o(i.SYSCTRL_HSI_Enable)
    i.SYSCTRL_IRQHandler                     0x00004e44   Section        0  interrupts_cw32l010.o(i.SYSCTRL_IRQHandler)
    i.SYSCTRL_SysClk_Switch                  0x00004e48   Section        0  cw32l010_sysctrl.o(i.SYSCTRL_SysClk_Switch)
    i.SYSCTRL_SystemCoreClockUpdate          0x00004f5c   Section        0  cw32l010_sysctrl.o(i.SYSCTRL_SystemCoreClockUpdate)
    i.SysTickDelay                           0x00004f68   Section        0  cw32l010_systick.o(i.SysTickDelay)
    i.SysTick_Handler                        0x00004f84   Section        0  cw32l010_systick.o(i.SysTick_Handler)
    i.SystemClock_Config                     0x00004f9c   Section        0  main.o(i.SystemClock_Config)
    SystemClock_Config                       0x00004f9d   Thumb Code    90  main.o(i.SystemClock_Config)
    i.SystemCoreClockUpdate                  0x00005008   Section        0  system_cw32l010.o(i.SystemCoreClockUpdate)
    i.SystemInit                             0x00005018   Section        0  system_cw32l010.o(i.SystemInit)
    i.UART1_IRQHandler                       0x00005054   Section        0  interrupts_cw32l010.o(i.UART1_IRQHandler)
    i.UART2_IRQHandler                       0x00005056   Section        0  interrupts_cw32l010.o(i.UART2_IRQHandler)
    i.UART_Init                              0x00005058   Section        0  cw32l010_uart.o(i.UART_Init)
    i.UART_MspInit                           0x00005384   Section        0  uart.o(i.UART_MspInit)
    UART_MspInit                             0x00005385   Thumb Code   130  uart.o(i.UART_MspInit)
    i.VC1_IRQHandler                         0x00005410   Section        0  interrupts_cw32l010.o(i.VC1_IRQHandler)
    i.VC2_IRQHandler                         0x00005412   Section        0  interrupts_cw32l010.o(i.VC2_IRQHandler)
    i.WDT_IRQHandler                         0x00005414   Section        0  interrupts_cw32l010.o(i.WDT_IRQHandler)
    i.__ARM_clz                              0x00005416   Section        0  depilogue.o(i.__ARM_clz)
    i.__ARM_common_switch8                   0x00005444   Section        0  cw32l010_atim.o(i.__ARM_common_switch8)
    i.__NVIC_SetPriority                     0x00005460   Section        0  cw32l010_systick.o(i.__NVIC_SetPriority)
    __NVIC_SetPriority                       0x00005461   Thumb Code   110  cw32l010_systick.o(i.__NVIC_SetPriority)
    i.__scatterload_copy                     0x000054d8   Section       14  handlers.o(i.__scatterload_copy)
    i.__scatterload_null                     0x000054e6   Section        2  handlers.o(i.__scatterload_null)
    i.__scatterload_zeroinit                 0x000054e8   Section       14  handlers.o(i.__scatterload_zeroinit)
    i.assert_failed                          0x000054f6   Section        0  main.o(i.assert_failed)
    i.binary_identify                        0x000054f8   Section        0  binary.o(i.binary_identify)
    i.binary_study                           0x00005528   Section        0  binary.o(i.binary_study)
    i.clear_color2_study                     0x00005530   Section        0  color2.o(i.clear_color2_study)
    i.color2_identify                        0x00005544   Section        0  color2.o(i.color2_identify)
    i.color2_init                            0x000055fc   Section        0  color2.o(i.color2_init)
    i.color2_study                           0x0000560c   Section        0  color2.o(i.color2_study)
    i.color_hsv_sort_h                       0x000056e4   Section        0  color2.o(i.color_hsv_sort_h)
    color_hsv_sort_h                         0x000056e5   Thumb Code    92  color2.o(i.color_hsv_sort_h)
    i.flash_init                             0x00005740   Section        0  sys_config_and_flash.o(i.flash_init)
    flash_init                               0x00005741   Thumb Code    10  sys_config_and_flash.o(i.flash_init)
    i.flash_sync                             0x0000574a   Section        0  sys_config_and_flash.o(i.flash_sync)
    flash_sync                               0x0000574b   Thumb Code    10  sys_config_and_flash.o(i.flash_sync)
    i.free                                   0x00005754   Section        0  malloc.o(i.free)
    i.gary_identify                          0x000057a8   Section        0  gray.o(i.gary_identify)
    i.gary_study                             0x000058a8   Section        0  gray.o(i.gary_study)
    i.getColorOffset                         0x000059a0   Section        0  color2.o(i.getColorOffset)
    getColorOffset                           0x000059a1   Thumb Code    78  color2.o(i.getColorOffset)
    i.get_adc_val                            0x000059ee   Section        0  adc.o(i.get_adc_val)
    i.get_sys_conf_data                      0x000059fe   Section        0  sys_config_and_flash.o(i.get_sys_conf_data)
    get_sys_conf_data                        0x000059ff   Thumb Code    22  sys_config_and_flash.o(i.get_sys_conf_data)
    i.get_sys_config_addr_offset             0x00005a14   Section        0  sys_config_and_flash.o(i.get_sys_config_addr_offset)
    get_sys_config_addr_offset               0x00005a15   Thumb Code    50  sys_config_and_flash.o(i.get_sys_config_addr_offset)
    i.get_sys_config_data                    0x00005a46   Section        0  sys_config_and_flash.o(i.get_sys_config_data)
    i.get_sys_config_data_offset             0x00005a78   Section        0  sys_config_and_flash.o(i.get_sys_config_data_offset)
    get_sys_config_data_offset               0x00005a79   Thumb Code    24  sys_config_and_flash.o(i.get_sys_config_data_offset)
    i.get_sys_config_info_data_size          0x00005a90   Section        0  sys_config_and_flash.o(i.get_sys_config_info_data_size)
    i.get_sys_config_info_handle             0x00005aa8   Section        0  sys_config_and_flash.o(i.get_sys_config_info_handle)
    i.get_sys_config_info_occupation_size    0x00005ac0   Section        0  sys_config_and_flash.o(i.get_sys_config_info_occupation_size)
    i.key_event_handling                     0x00005ad8   Section        0  control.o(i.key_event_handling)
    key_event_handling                       0x00005ad9   Thumb Code   252  control.o(i.key_event_handling)
    i.key_on_click_cb                        0x00005bd8   Section        0  control.o(i.key_on_click_cb)
    key_on_click_cb                          0x00005bd9   Thumb Code     8  control.o(i.key_on_click_cb)
    i.key_on_long_cb                         0x00005be4   Section        0  control.o(i.key_on_long_cb)
    key_on_long_cb                           0x00005be5   Thumb Code    12  control.o(i.key_on_long_cb)
    i.loop                                   0x00005bf0   Section        0  control.o(i.loop)
    i.lv_color_rgb_to_hsv                    0x00005d50   Section        0  mymath.o(i.lv_color_rgb_to_hsv)
    i.main                                   0x00005e66   Section        0  main.o(i.main)
    i.malloc                                 0x00005e94   Section        0  malloc.o(i.malloc)
    i.max                                    0x00005f00   Section        0  mymath.o(i.max)
    i.min                                    0x00005f0e   Section        0  mymath.o(i.min)
    i.other_addr_light_color                 0x00005f1c   Section        0  control.o(i.other_addr_light_color)
    other_addr_light_color                   0x00005f1d   Thumb Code    30  control.o(i.other_addr_light_color)
    i.read_data_from_flash                   0x00005f40   Section        0  sys_config_and_flash.o(i.read_data_from_flash)
    read_data_from_flash                     0x00005f41   Thumb Code    22  sys_config_and_flash.o(i.read_data_from_flash)
    i.rgb2hsv                                0x00005f58   Section        0  color2.o(i.rgb2hsv)
    rgb2hsv                                  0x00005f59   Thumb Code   164  color2.o(i.rgb2hsv)
    i.set_light_brightness                   0x00006000   Section        0  light.o(i.set_light_brightness)
    i.set_rgb_brightness                     0x0000607c   Section        0  light.o(i.set_rgb_brightness)
    i.set_sys_config_info                    0x000060f4   Section        0  sys_config_and_flash.o(i.set_sys_config_info)
    i.setup                                  0x00006160   Section        0  control.o(i.setup)
    i.sync_sys_config_info                   0x00006198   Section        0  sys_config_and_flash.o(i.sync_sys_config_info)
    i.sys_config_info_init                   0x000061a2   Section        0  sys_config_and_flash.o(i.sys_config_info_init)
    i.sys_config_version_verify              0x00006256   Section        0  sys_config_and_flash.o(i.sys_config_version_verify)
    sys_config_version_verify                0x00006257   Thumb Code    96  sys_config_and_flash.o(i.sys_config_version_verify)
    i.update_Grayscale_flashdata             0x000062b8   Section        0  gray.o(i.update_Grayscale_flashdata)
    update_Grayscale_flashdata               0x000062b9   Thumb Code    26  gray.o(i.update_Grayscale_flashdata)
    i.update_flash_data                      0x000062d8   Section        0  color2.o(i.update_flash_data)
    update_flash_data                        0x000062d9   Thumb Code    18  color2.o(i.update_flash_data)
    i.write_data_to_flash                    0x000062f0   Section        0  sys_config_and_flash.o(i.write_data_to_flash)
    write_data_to_flash                      0x000062f1   Thumb Code    22  sys_config_and_flash.o(i.write_data_to_flash)
    .constdata                               0x00006308   Section       64  cw32l010_sysctrl.o(.constdata)
    .constdata                               0x00006348   Section        4  i2c.o(.constdata)
    I2C_SLAVEADDRESS_OTHER1                  0x00006348   Data           4  i2c.o(.constdata)
    .constdata                               0x0000634c   Section       66  control.o(.constdata)
    other_addr_color                         0x0000634c   Data          36  control.o(.constdata)
    iic_command_map                          0x00006370   Data          30  control.o(.constdata)
    .constdata                               0x00006390   Section       12  sys_config_and_flash.o(.constdata)
    sys_verify_version                       0x00006390   Data           6  sys_config_and_flash.o(.constdata)
    sys_verify_key                           0x00006398   Data           4  sys_config_and_flash.o(.constdata)
    .data                                    0x20000000   Section        4  system_cw32l010.o(.data)
    .data                                    0x20000004   Section        9  cw32l010_systick.o(.data)
    .data                                    0x20000010   Section        8  time.o(.data)
    .data                                    0x20000018   Section        4  adc.o(.data)
    .data                                    0x2000001c   Section        1  i2c.o(.data)
    send_count                               0x2000001c   Data           1  i2c.o(.data)
    .data                                    0x2000001d   Section        5  control.o(.data)
    iic_read_reg_idle_val                    0x2000001d   Data           2  control.o(.data)
    iic_read_reg_study_val                   0x2000001f   Data           2  control.o(.data)
    machine_state                            0x20000021   Data           1  control.o(.data)
    .data                                    0x20000024   Section      100  sys_config_and_flash.o(.data)
    i2c_slaveaddr_pos                        0x20000024   Data           1  sys_config_and_flash.o(.data)
    Grayscale_Port_param                     0x20000028   Data          16  sys_config_and_flash.o(.data)
    config_info_table                        0x20000038   Data          80  sys_config_and_flash.o(.data)
    .data                                    0x20000088   Section        1  binary.o(.data)
    .data                                    0x2000008c   Section       21  gray.o(.data)
    Grayscale                                0x2000009c   Data           4  gray.o(.data)
    .data                                    0x200000a4   Section       20  register.o(.data)
    iic_write_reg_buf                        0x200000a4   Data           1  register.o(.data)
    .data                                    0x200000b8   Section        1  color2.o(.data)
    .data                                    0x200000bc   Section        4  mvars.o(.data)
    .data                                    0x200000c0   Section        4  mvars.o(.data)
    .bss                                     0x200000c4   Section       28  uart.o(.bss)
    .bss                                     0x200000e0   Section      200  flash.o(.bss)
    flash_buffer                             0x200000e0   Data         200  flash.o(.bss)
    .bss                                     0x200001a8   Section       20  control.o(.bss)
    key_info                                 0x200001a8   Data          20  control.o(.bss)
    .bss                                     0x200001bc   Section       48  sys_config_and_flash.o(.bss)
    color2_tab                               0x200001bc   Data          48  sys_config_and_flash.o(.bss)
    .bss                                     0x200001ec   Section      196  color2.o(.bss)
    color2_tab                               0x200001ec   Data          48  color2.o(.bss)
    sort_buf                                 0x2000021c   Data          40  color2.o(.bss)
    median                                   0x20000244   Data          40  color2.o(.bss)
    color2_diff                              0x2000026c   Data          68  color2.o(.bss)
    HEAP                                     0x200002b0   Section      512  startup_cw32l010.o(HEAP)
    STACK                                    0x200004b0   Section      512  startup_cw32l010.o(STACK)

    Global Symbols

    Symbol Name                              Value     Ov Type        Size  Object(Section)

    BuildAttributes$$THM_ISAv3M$S$PE$A:L22$X:L11$S22$IEEE1$IW$USESV6$~STKCKD$USESV7$~SHL$OTIME$ROPI$EBA8$MICROLIB$REQ8$PRES8$EABIv2 0x00000000   Number         0  anon$$obj.o ABSOLUTE
    __ARM_use_no_argv                        0x00000000   Number         0  main.o ABSOLUTE
    __cpp_initialize__aeabi_                  - Undefined Weak Reference
    __cxa_finalize                            - Undefined Weak Reference
    __decompress                              - Undefined Weak Reference
    _clock_init                               - Undefined Weak Reference
    _microlib_exit                            - Undefined Weak Reference
    __Vectors_Size                           0x000000c0   Number         0  startup_cw32l010.o ABSOLUTE
    __Vectors                                0x00002800   Data           0  startup_cw32l010.o(RESET)
    __Vectors_End                            0x000028c0   Data           0  startup_cw32l010.o(RESET)
    __main                                   0x000028c1   Thumb Code     0  entry.o(.ARM.Collect$$$$00000000)
    _main_stk                                0x000028c1   Thumb Code     0  entry2.o(.ARM.Collect$$$$00000001)
    _main_scatterload                        0x000028c5   Thumb Code     0  entry5.o(.ARM.Collect$$$$00000004)
    __main_after_scatterload                 0x000028c9   Thumb Code     0  entry5.o(.ARM.Collect$$$$00000004)
    _main_clock                              0x000028c9   Thumb Code     0  entry7b.o(.ARM.Collect$$$$00000008)
    _main_cpp_init                           0x000028c9   Thumb Code     0  entry8b.o(.ARM.Collect$$$$0000000A)
    _main_init                               0x000028c9   Thumb Code     0  entry9a.o(.ARM.Collect$$$$0000000B)
    __rt_final_cpp                           0x000028d1   Thumb Code     0  entry10a.o(.ARM.Collect$$$$0000000D)
    __rt_final_exit                          0x000028d1   Thumb Code     0  entry11a.o(.ARM.Collect$$$$0000000F)
    Reset_Handler                            0x000028d5   Thumb Code    14  startup_cw32l010.o(.text)
    __aeabi_uidiv                            0x000028fd   Thumb Code     0  uidiv.o(.text)
    __aeabi_uidivmod                         0x000028fd   Thumb Code    44  uidiv.o(.text)
    __aeabi_idiv                             0x00002929   Thumb Code     0  idiv.o(.text)
    __aeabi_idivmod                          0x00002929   Thumb Code    40  idiv.o(.text)
    __aeabi_memcpy                           0x00002951   Thumb Code    36  memcpya.o(.text)
    __aeabi_memcpy4                          0x00002951   Thumb Code     0  memcpya.o(.text)
    __aeabi_memcpy8                          0x00002951   Thumb Code     0  memcpya.o(.text)
    __aeabi_memset                           0x00002975   Thumb Code    14  memseta.o(.text)
    __aeabi_memset4                          0x00002975   Thumb Code     0  memseta.o(.text)
    __aeabi_memset8                          0x00002975   Thumb Code     0  memseta.o(.text)
    __aeabi_memclr                           0x00002983   Thumb Code     4  memseta.o(.text)
    __aeabi_memclr4                          0x00002983   Thumb Code     0  memseta.o(.text)
    __aeabi_memclr8                          0x00002983   Thumb Code     0  memseta.o(.text)
    _memset$wrapper                          0x00002987   Thumb Code    18  memseta.o(.text)
    __aeabi_fadd                             0x00002999   Thumb Code   162  fadd.o(.text)
    __aeabi_fsub                             0x00002a3b   Thumb Code     8  fadd.o(.text)
    __aeabi_frsub                            0x00002a43   Thumb Code     8  fadd.o(.text)
    __aeabi_fmul                             0x00002a4b   Thumb Code   122  fmul.o(.text)
    __aeabi_fdiv                             0x00002ac5   Thumb Code   124  fdiv.o(.text)
    __aeabi_dadd                             0x00002b41   Thumb Code   328  dadd.o(.text)
    __aeabi_dsub                             0x00002c89   Thumb Code    12  dadd.o(.text)
    __aeabi_drsub                            0x00002c95   Thumb Code    12  dadd.o(.text)
    __aeabi_i2f                              0x00002ca5   Thumb Code    22  fflti.o(.text)
    __aeabi_ui2f                             0x00002cbb   Thumb Code    14  ffltui.o(.text)
    __aeabi_f2iz                             0x00002cc9   Thumb Code    50  ffixi.o(.text)
    __aeabi_f2uiz                            0x00002cfb   Thumb Code    40  ffixui.o(.text)
    __aeabi_d2uiz                            0x00002d25   Thumb Code    50  dfixui.o(.text)
    __aeabi_f2d                              0x00002d61   Thumb Code    40  f2d.o(.text)
    __aeabi_llsl                             0x00002d89   Thumb Code    32  llshl.o(.text)
    _ll_shift_l                              0x00002d89   Thumb Code     0  llshl.o(.text)
    __aeabi_llsr                             0x00002da9   Thumb Code    34  llushr.o(.text)
    _ll_ushift_r                             0x00002da9   Thumb Code     0  llushr.o(.text)
    __aeabi_lasr                             0x00002dcb   Thumb Code    38  llsshr.o(.text)
    _ll_sshift_r                             0x00002dcb   Thumb Code     0  llsshr.o(.text)
    __I$use$fp                               0x00002df1   Thumb Code     0  iusefp.o(.text)
    _float_round                             0x00002df1   Thumb Code    16  fepilogue.o(.text)
    _float_epilogue                          0x00002e01   Thumb Code   114  fepilogue.o(.text)
    _double_round                            0x00002e73   Thumb Code    26  depilogue.o(.text)
    _double_epilogue                         0x00002e8d   Thumb Code   164  depilogue.o(.text)
    __scatterload                            0x00002f31   Thumb Code    28  init.o(.text)
    __scatterload_rt2                        0x00002f31   Thumb Code     0  init.o(.text)
    ADC_ClearITPendingAll                    0x00002f55   Thumb Code     8  cw32l010_adc.o(i.ADC_ClearITPendingAll)
    ADC_Enable                               0x00002f61   Thumb Code    18  cw32l010_adc.o(i.ADC_Enable)
    ADC_GetConversionValue                   0x00002f75   Thumb Code    30  cw32l010_adc.o(i.ADC_GetConversionValue)
    ADC_IRQHandler                           0x00002fb5   Thumb Code     2  interrupts_cw32l010.o(i.ADC_IRQHandler)
    ADC_Init                                 0x00002fb9   Thumb Code   466  cw32l010_adc.o(i.ADC_Init)
    ADC_SoftwareStartConvCmd                 0x000031b1   Thumb Code    62  cw32l010_adc.o(i.ADC_SoftwareStartConvCmd)
    ATIM_CH1Config                           0x0000320d   Thumb Code    44  cw32l010_atim.o(i.ATIM_CH1Config)
    ATIM_CH2Config                           0x00003259   Thumb Code    46  cw32l010_atim.o(i.ATIM_CH2Config)
    ATIM_Cmd                                 0x000032a9   Thumb Code    20  cw32l010_atim.o(i.ATIM_Cmd)
    ATIM_CtrlPWMOutputs                      0x000032c1   Thumb Code    50  cw32l010_atim.o(i.ATIM_CtrlPWMOutputs)
    ATIM_IRQHandler                          0x00003315   Thumb Code     2  interrupts_cw32l010.o(i.ATIM_IRQHandler)
    ATIM_Init                                0x00003319   Thumb Code   164  cw32l010_atim.o(i.ATIM_Init)
    ATIM_OC1Init                             0x000033e5   Thumb Code   280  cw32l010_atim.o(i.ATIM_OC1Init)
    ATIM_OC2Init                             0x0000351d   Thumb Code   300  cw32l010_atim.o(i.ATIM_OC2Init)
    ATIM_SetCompare1                         0x00003669   Thumb Code     6  cw32l010_atim.o(i.ATIM_SetCompare1)
    ATIM_SetCompare2                         0x00003675   Thumb Code     6  cw32l010_atim.o(i.ATIM_SetCompare2)
    BTIM1_IRQHandler                         0x00003681   Thumb Code     2  interrupts_cw32l010.o(i.BTIM1_IRQHandler)
    BTIM2_IRQHandler                         0x00003683   Thumb Code     2  interrupts_cw32l010.o(i.BTIM2_IRQHandler)
    BTIM3_IRQHandler                         0x00003685   Thumb Code     2  interrupts_cw32l010.o(i.BTIM3_IRQHandler)
    CLKFAULT_IRQHandler                      0x00003687   Thumb Code     2  interrupts_cw32l010.o(i.CLKFAULT_IRQHandler)
    FLASHRAM_IRQHandler                      0x00003689   Thumb Code     2  interrupts_cw32l010.o(i.FLASHRAM_IRQHandler)
    FLASH_ErasePages                         0x0000368d   Thumb Code   100  cw32l010_flash.o(i.FLASH_ErasePages)
    FLASH_LockAllPages                       0x000036fd   Thumb Code     8  cw32l010_flash.o(i.FLASH_LockAllPages)
    FLASH_SetLatency                         0x0000370d   Thumb Code    46  cw32l010_flash.o(i.FLASH_SetLatency)
    FLASH_UnlockPages                        0x00003769   Thumb Code    80  cw32l010_flash.o(i.FLASH_UnlockPages)
    FLASH_WriteBytes                         0x000037c5   Thumb Code   102  cw32l010_flash.o(i.FLASH_WriteBytes)
    GPIOA_IRQHandler                         0x00003839   Thumb Code     2  interrupts_cw32l010.o(i.GPIOA_IRQHandler)
    GPIOB_IRQHandler                         0x0000383b   Thumb Code     2  interrupts_cw32l010.o(i.GPIOB_IRQHandler)
    GPIO_Init                                0x0000383d   Thumb Code   206  cw32l010_gpio.o(i.GPIO_Init)
    GPIO_ReadPin                             0x00003915   Thumb Code    18  cw32l010_gpio.o(i.GPIO_ReadPin)
    GPIO_WritePin                            0x00003927   Thumb Code    12  cw32l010_gpio.o(i.GPIO_WritePin)
    GTIM1_IRQHandler                         0x00003933   Thumb Code     2  interrupts_cw32l010.o(i.GTIM1_IRQHandler)
    GTIM_Cmd                                 0x00003935   Thumb Code    60  cw32l010_gtim.o(i.GTIM_Cmd)
    GTIM_OC1Cmd                              0x00003991   Thumb Code    56  cw32l010_gtim.o(i.GTIM_OC1Cmd)
    GTIM_OC1ModeCfg                          0x000039e9   Thumb Code   224  cw32l010_gtim.o(i.GTIM_OC1ModeCfg)
    GTIM_OC2Cmd                              0x00003ae9   Thumb Code    58  cw32l010_gtim.o(i.GTIM_OC2Cmd)
    GTIM_OC2ModeCfg                          0x00003b45   Thumb Code   230  cw32l010_gtim.o(i.GTIM_OC2ModeCfg)
    GTIM_OC3Cmd                              0x00003c4d   Thumb Code    62  cw32l010_gtim.o(i.GTIM_OC3Cmd)
    GTIM_OC3ModeCfg                          0x00003cad   Thumb Code   228  cw32l010_gtim.o(i.GTIM_OC3ModeCfg)
    GTIM_OC4Cmd                              0x00003db1   Thumb Code    62  cw32l010_gtim.o(i.GTIM_OC4Cmd)
    GTIM_OC4ModeCfg                          0x00003e11   Thumb Code   234  cw32l010_gtim.o(i.GTIM_OC4ModeCfg)
    GTIM_SetCompare1                         0x00003f1d   Thumb Code    26  cw32l010_gtim.o(i.GTIM_SetCompare1)
    GTIM_SetCompare2                         0x00003f5d   Thumb Code    26  cw32l010_gtim.o(i.GTIM_SetCompare2)
    GTIM_SetCompare3                         0x00003f9d   Thumb Code    28  cw32l010_gtim.o(i.GTIM_SetCompare3)
    GTIM_SetCompare4                         0x00003fd9   Thumb Code    26  cw32l010_gtim.o(i.GTIM_SetCompare4)
    GTIM_TimeBaseInit                        0x00004019   Thumb Code   234  cw32l010_gtim.o(i.GTIM_TimeBaseInit)
    GetTick                                  0x00004129   Thumb Code     6  cw32l010_systick.o(i.GetTick)
    Grayscale_Init                           0x00004135   Thumb Code    12  gray.o(i.Grayscale_Init)
    HAL_Flash_Init                           0x0000415b   Thumb Code     2  flash.o(i.HAL_Flash_Init)
    HAL_Flash_Read                           0x0000415d   Thumb Code    36  flash.o(i.HAL_Flash_Read)
    HAL_Flash_Sync                           0x00004185   Thumb Code    62  flash.o(i.HAL_Flash_Sync)
    HAL_Flash_Write                          0x000041c9   Thumb Code    26  flash.o(i.HAL_Flash_Write)
    HardFault_Handler                        0x000043e1   Thumb Code     4  interrupts_cw32l010.o(i.HardFault_Handler)
    I2C1_DeInit                              0x000043e5   Thumb Code    34  cw32l010_i2c.o(i.I2C1_DeInit)
    I2C1_IRQHandler                          0x00004411   Thumb Code     8  interrupts_cw32l010.o(i.I2C1_IRQHandler)
    I2C1_IRQHandlerCallback                  0x00004419   Thumb Code   262  i2c.o(i.I2C1_IRQHandlerCallback)
    I2C_AcknowledgeConfig                    0x00004531   Thumb Code    66  cw32l010_i2c.o(i.I2C_AcknowledgeConfig)
    I2C_Cmd                                  0x00004595   Thumb Code    66  cw32l010_i2c.o(i.I2C_Cmd)
    I2C_FilterConfig                         0x000045f9   Thumb Code    66  cw32l010_i2c.o(i.I2C_FilterConfig)
    I2C_GcConfig                             0x0000465d   Thumb Code    66  cw32l010_i2c.o(i.I2C_GcConfig)
    I2C_SetOwnSlaveAddress0                  0x000046c1   Thumb Code    42  cw32l010_i2c.o(i.I2C_SetOwnSlaveAddress0)
    I2C_SetOwnSlaveAddress1                  0x0000470d   Thumb Code    42  cw32l010_i2c.o(i.I2C_SetOwnSlaveAddress1)
    I2C_SetOwnSlaveAddress2                  0x00004759   Thumb Code    42  cw32l010_i2c.o(i.I2C_SetOwnSlaveAddress2)
    I2C_Slave_Init                           0x000047a5   Thumb Code    90  cw32l010_i2c.o(i.I2C_Slave_Init)
    InitTick                                 0x00004821   Thumb Code    90  cw32l010_systick.o(i.InitTick)
    LPTIM_IRQHandler                         0x0000488d   Thumb Code     2  interrupts_cw32l010.o(i.LPTIM_IRQHandler)
    LVD_IRQHandler                           0x0000488f   Thumb Code     2  interrupts_cw32l010.o(i.LVD_IRQHandler)
    MAX_ADC_Init                             0x00004891   Thumb Code    58  adc.o(i.MAX_ADC_Init)
    MAX_ATIME_Init                           0x000048d1   Thumb Code   152  time.o(i.MAX_ATIME_Init)
    MAX_GTIME_Init                           0x00004979   Thumb Code   218  time.o(i.MAX_GTIME_Init)
    MAX_I2C_Init                             0x00004a69   Thumb Code   134  i2c.o(i.MAX_I2C_Init)
    MAX_I2C_addr_get_other                   0x00004b05   Thumb Code    20  i2c.o(i.MAX_I2C_addr_get_other)
    MAX_I2C_addr_other_changle               0x00004b19   Thumb Code    52  i2c.o(i.MAX_I2C_addr_other_changle)
    MAX_UART2_Init                           0x00004b4d   Thumb Code    46  uart.o(i.MAX_UART2_Init)
    MX_GPIO_Init                             0x00004b89   Thumb Code    46  gpio.o(i.MX_GPIO_Init)
    NMI_Handler                              0x00004bc1   Thumb Code     2  interrupts_cw32l010.o(i.NMI_Handler)
    PendSV_Handler                           0x00004bc3   Thumb Code     2  interrupts_cw32l010.o(i.PendSV_Handler)
    RTC_IRQHandler                           0x00004bc5   Thumb Code     2  interrupts_cw32l010.o(i.RTC_IRQHandler)
    SPI1_IRQHandler                          0x00004bc7   Thumb Code     2  interrupts_cw32l010.o(i.SPI1_IRQHandler)
    SVC_Handler                              0x00004bc9   Thumb Code     2  interrupts_cw32l010.o(i.SVC_Handler)
    SYSCTRL_AHBPeriphClk_Enable              0x00004bcd   Thumb Code    66  cw32l010_sysctrl.o(i.SYSCTRL_AHBPeriphClk_Enable)
    SYSCTRL_APBPeriphClk_Enable1             0x00004c3d   Thumb Code    64  cw32l010_sysctrl.o(i.SYSCTRL_APBPeriphClk_Enable1)
    SYSCTRL_GetHClkFreq                      0x00004ca9   Thumb Code   108  cw32l010_sysctrl.o(i.SYSCTRL_GetHClkFreq)
    SYSCTRL_HSI_Enable                       0x00004d29   Thumb Code   236  cw32l010_sysctrl.o(i.SYSCTRL_HSI_Enable)
    SYSCTRL_IRQHandler                       0x00004e45   Thumb Code     2  interrupts_cw32l010.o(i.SYSCTRL_IRQHandler)
    SYSCTRL_SysClk_Switch                    0x00004e49   Thumb Code   232  cw32l010_sysctrl.o(i.SYSCTRL_SysClk_Switch)
    SYSCTRL_SystemCoreClockUpdate            0x00004f5d   Thumb Code     6  cw32l010_sysctrl.o(i.SYSCTRL_SystemCoreClockUpdate)
    SysTickDelay                             0x00004f69   Thumb Code    26  cw32l010_systick.o(i.SysTickDelay)
    SysTick_Handler                          0x00004f85   Thumb Code    16  cw32l010_systick.o(i.SysTick_Handler)
    SystemCoreClockUpdate                    0x00005009   Thumb Code     8  system_cw32l010.o(i.SystemCoreClockUpdate)
    SystemInit                               0x00005019   Thumb Code    50  system_cw32l010.o(i.SystemInit)
    UART1_IRQHandler                         0x00005055   Thumb Code     2  interrupts_cw32l010.o(i.UART1_IRQHandler)
    UART2_IRQHandler                         0x00005057   Thumb Code     2  interrupts_cw32l010.o(i.UART2_IRQHandler)
    UART_Init                                0x00005059   Thumb Code   748  cw32l010_uart.o(i.UART_Init)
    VC1_IRQHandler                           0x00005411   Thumb Code     2  interrupts_cw32l010.o(i.VC1_IRQHandler)
    VC2_IRQHandler                           0x00005413   Thumb Code     2  interrupts_cw32l010.o(i.VC2_IRQHandler)
    WDT_IRQHandler                           0x00005415   Thumb Code     2  interrupts_cw32l010.o(i.WDT_IRQHandler)
    __ARM_clz                                0x00005417   Thumb Code    46  depilogue.o(i.__ARM_clz)
    __ARM_common_switch8                     0x00005445   Thumb Code    28  cw32l010_atim.o(i.__ARM_common_switch8)
    __scatterload_copy                       0x000054d9   Thumb Code    14  handlers.o(i.__scatterload_copy)
    __scatterload_null                       0x000054e7   Thumb Code     2  handlers.o(i.__scatterload_null)
    __scatterload_zeroinit                   0x000054e9   Thumb Code    14  handlers.o(i.__scatterload_zeroinit)
    assert_failed                            0x000054f7   Thumb Code     2  main.o(i.assert_failed)
    binary_identify                          0x000054f9   Thumb Code    38  binary.o(i.binary_identify)
    binary_study                             0x00005529   Thumb Code     8  binary.o(i.binary_study)
    clear_color2_study                       0x00005531   Thumb Code    16  color2.o(i.clear_color2_study)
    color2_identify                          0x00005545   Thumb Code   170  color2.o(i.color2_identify)
    color2_init                              0x000055fd   Thumb Code    12  color2.o(i.color2_init)
    color2_study                             0x0000560d   Thumb Code   204  color2.o(i.color2_study)
    free                                     0x00005755   Thumb Code    80  malloc.o(i.free)
    gary_identify                            0x000057a9   Thumb Code   240  gray.o(i.gary_identify)
    gary_study                               0x000058a9   Thumb Code   234  gray.o(i.gary_study)
    get_adc_val                              0x000059ef   Thumb Code    16  adc.o(i.get_adc_val)
    get_sys_config_data                      0x00005a47   Thumb Code    50  sys_config_and_flash.o(i.get_sys_config_data)
    get_sys_config_info_data_size            0x00005a91   Thumb Code    22  sys_config_and_flash.o(i.get_sys_config_info_data_size)
    get_sys_config_info_handle               0x00005aa9   Thumb Code    18  sys_config_and_flash.o(i.get_sys_config_info_handle)
    get_sys_config_info_occupation_size      0x00005ac1   Thumb Code    22  sys_config_and_flash.o(i.get_sys_config_info_occupation_size)
    loop                                     0x00005bf1   Thumb Code   316  control.o(i.loop)
    lv_color_rgb_to_hsv                      0x00005d51   Thumb Code   278  mymath.o(i.lv_color_rgb_to_hsv)
    main                                     0x00005e67   Thumb Code    46  main.o(i.main)
    malloc                                   0x00005e95   Thumb Code    92  malloc.o(i.malloc)
    max                                      0x00005f01   Thumb Code    14  mymath.o(i.max)
    min                                      0x00005f0f   Thumb Code    14  mymath.o(i.min)
    set_light_brightness                     0x00006001   Thumb Code   118  light.o(i.set_light_brightness)
    set_rgb_brightness                       0x0000607d   Thumb Code   114  light.o(i.set_rgb_brightness)
    set_sys_config_info                      0x000060f5   Thumb Code   108  sys_config_and_flash.o(i.set_sys_config_info)
    setup                                    0x00006161   Thumb Code    36  control.o(i.setup)
    sync_sys_config_info                     0x00006199   Thumb Code    10  sys_config_and_flash.o(i.sync_sys_config_info)
    sys_config_info_init                     0x000061a3   Thumb Code   180  sys_config_and_flash.o(i.sys_config_info_init)
    hsiprs_tbl                               0x00006308   Data          64  cw32l010_sysctrl.o(.constdata)
    Region$$Table$$Base                      0x0000639c   Number         0  anon$$obj.o(Region$$Table)
    Region$$Table$$Limit                     0x000063bc   Number         0  anon$$obj.o(Region$$Table)
    SystemCoreClock                          0x20000000   Data           4  system_cw32l010.o(.data)
    uwTick                                   0x20000004   Data           4  cw32l010_systick.o(.data)
    uwTickPrio                               0x20000008   Data           4  cw32l010_systick.o(.data)
    uwTickFreq                               0x2000000c   Data           1  cw32l010_systick.o(.data)
    gtime                                    0x20000010   Data           4  time.o(.data)
    atime                                    0x20000014   Data           4  time.o(.data)
    adc                                      0x20000018   Data           4  adc.o(.data)
    binaryVal                                0x20000088   Data           1  binary.o(.data)
    Grayscale_Port_param                     0x2000008c   Data          16  gray.o(.data)
    grayVal                                  0x200000a0   Data           1  gray.o(.data)
    iic_read_reg                             0x200000a8   Data           8  register.o(.data)
    iic_write_reg                            0x200000b0   Data           8  register.o(.data)
    color2Val                                0x200000b8   Data           1  color2.o(.data)
    __microlib_freelist                      0x200000bc   Data           4  mvars.o(.data)
    __microlib_freelist_initialised          0x200000c0   Data           4  mvars.o(.data)
    huart2                                   0x200000c4   Data          28  uart.o(.bss)
    __heap_base                              0x200002b0   Data           0  startup_cw32l010.o(HEAP)
    __heap_limit                             0x200004b0   Data           0  startup_cw32l010.o(HEAP)
    __initial_sp                             0x200006b0   Data           0  startup_cw32l010.o(STACK)



==============================================================================

Memory Map of the image

  Image Entry point : 0x000028c1

  Load Region LR_IROM1 (Base: 0x00002800, Size: 0x00003c80, Max: 0x00010000, ABSOLUTE)

    Execution Region ER_IROM1 (Exec base: 0x00002800, Load base: 0x00002800, Size: 0x00003bbc, Max: 0x00010000, ABSOLUTE)

    Exec Addr    Load Addr    Size         Type   Attr      Idx    E Section Name        Object

    0x00002800   0x00002800   0x000000c0   Data   RO            3    RESET               startup_cw32l010.o
    0x000028c0   0x000028c0   0x00000000   Code   RO         2549  * .ARM.Collect$$$$00000000  mc_p.l(entry.o)
    0x000028c0   0x000028c0   0x00000004   Code   RO         2620    .ARM.Collect$$$$00000001  mc_p.l(entry2.o)
    0x000028c4   0x000028c4   0x00000004   Code   RO         2623    .ARM.Collect$$$$00000004  mc_p.l(entry5.o)
    0x000028c8   0x000028c8   0x00000000   Code   RO         2625    .ARM.Collect$$$$00000008  mc_p.l(entry7b.o)
    0x000028c8   0x000028c8   0x00000000   Code   RO         2627    .ARM.Collect$$$$0000000A  mc_p.l(entry8b.o)
    0x000028c8   0x000028c8   0x00000008   Code   RO         2628    .ARM.Collect$$$$0000000B  mc_p.l(entry9a.o)
    0x000028d0   0x000028d0   0x00000000   Code   RO         2630    .ARM.Collect$$$$0000000D  mc_p.l(entry10a.o)
    0x000028d0   0x000028d0   0x00000000   Code   RO         2632    .ARM.Collect$$$$0000000F  mc_p.l(entry11a.o)
    0x000028d0   0x000028d0   0x00000004   Code   RO         2621    .ARM.Collect$$$$00002712  mc_p.l(entry2.o)
    0x000028d4   0x000028d4   0x00000028   Code   RO            4    .text               startup_cw32l010.o
    0x000028fc   0x000028fc   0x0000002c   Code   RO         2552    .text               mc_p.l(uidiv.o)
    0x00002928   0x00002928   0x00000028   Code   RO         2554    .text               mc_p.l(idiv.o)
    0x00002950   0x00002950   0x00000024   Code   RO         2558    .text               mc_p.l(memcpya.o)
    0x00002974   0x00002974   0x00000024   Code   RO         2560    .text               mc_p.l(memseta.o)
    0x00002998   0x00002998   0x000000b2   Code   RO         2592    .text               mf_p.l(fadd.o)
    0x00002a4a   0x00002a4a   0x0000007a   Code   RO         2594    .text               mf_p.l(fmul.o)
    0x00002ac4   0x00002ac4   0x0000007c   Code   RO         2596    .text               mf_p.l(fdiv.o)
    0x00002b40   0x00002b40   0x00000164   Code   RO         2598    .text               mf_p.l(dadd.o)
    0x00002ca4   0x00002ca4   0x00000016   Code   RO         2602    .text               mf_p.l(fflti.o)
    0x00002cba   0x00002cba   0x0000000e   Code   RO         2604    .text               mf_p.l(ffltui.o)
    0x00002cc8   0x00002cc8   0x00000032   Code   RO         2610    .text               mf_p.l(ffixi.o)
    0x00002cfa   0x00002cfa   0x00000028   Code   RO         2612    .text               mf_p.l(ffixui.o)
    0x00002d22   0x00002d22   0x00000002   PAD
    0x00002d24   0x00002d24   0x0000003c   Code   RO         2614    .text               mf_p.l(dfixui.o)
    0x00002d60   0x00002d60   0x00000028   Code   RO         2616    .text               mf_p.l(f2d.o)
    0x00002d88   0x00002d88   0x00000020   Code   RO         2636    .text               mc_p.l(llshl.o)
    0x00002da8   0x00002da8   0x00000022   Code   RO         2638    .text               mc_p.l(llushr.o)
    0x00002dca   0x00002dca   0x00000026   Code   RO         2640    .text               mc_p.l(llsshr.o)
    0x00002df0   0x00002df0   0x00000000   Code   RO         2644    .text               mc_p.l(iusefp.o)
    0x00002df0   0x00002df0   0x00000082   Code   RO         2645    .text               mf_p.l(fepilogue.o)
    0x00002e72   0x00002e72   0x000000be   Code   RO         2647    .text               mf_p.l(depilogue.o)
    0x00002f30   0x00002f30   0x00000024   Code   RO         2651    .text               mc_p.l(init.o)
    0x00002f54   0x00002f54   0x0000000c   Code   RO         1346    i.ADC_ClearITPendingAll  cw32l010_adc.o
    0x00002f60   0x00002f60   0x00000012   Code   RO         1350    i.ADC_Enable        cw32l010_adc.o
    0x00002f72   0x00002f72   0x00000002   PAD
    0x00002f74   0x00002f74   0x00000040   Code   RO         1352    i.ADC_GetConversionValue  cw32l010_adc.o
    0x00002fb4   0x00002fb4   0x00000002   Code   RO         1702    i.ADC_IRQHandler    interrupts_cw32l010.o
    0x00002fb6   0x00002fb6   0x00000002   PAD
    0x00002fb8   0x00002fb8   0x000001f8   Code   RO         1365    i.ADC_Init          cw32l010_adc.o
    0x000031b0   0x000031b0   0x0000005c   Code   RO         1367    i.ADC_SoftwareStartConvCmd  cw32l010_adc.o
    0x0000320c   0x0000320c   0x0000004c   Code   RO          808    i.ATIM_CH1Config    cw32l010_atim.o
    0x00003258   0x00003258   0x00000050   Code   RO          809    i.ATIM_CH2Config    cw32l010_atim.o
    0x000032a8   0x000032a8   0x00000018   Code   RO          815    i.ATIM_Cmd          cw32l010_atim.o
    0x000032c0   0x000032c0   0x00000054   Code   RO          816    i.ATIM_CtrlPWMOutputs  cw32l010_atim.o
    0x00003314   0x00003314   0x00000002   Code   RO         1703    i.ATIM_IRQHandler   interrupts_cw32l010.o
    0x00003316   0x00003316   0x00000002   PAD
    0x00003318   0x00003318   0x000000cc   Code   RO          832    i.ATIM_Init         cw32l010_atim.o
    0x000033e4   0x000033e4   0x00000138   Code   RO          835    i.ATIM_OC1Init      cw32l010_atim.o
    0x0000351c   0x0000351c   0x0000014c   Code   RO          836    i.ATIM_OC2Init      cw32l010_atim.o
    0x00003668   0x00003668   0x0000000c   Code   RO          842    i.ATIM_SetCompare1  cw32l010_atim.o
    0x00003674   0x00003674   0x0000000c   Code   RO          843    i.ATIM_SetCompare2  cw32l010_atim.o
    0x00003680   0x00003680   0x00000002   Code   RO         1704    i.BTIM1_IRQHandler  interrupts_cw32l010.o
    0x00003682   0x00003682   0x00000002   Code   RO         1705    i.BTIM2_IRQHandler  interrupts_cw32l010.o
    0x00003684   0x00003684   0x00000002   Code   RO         1706    i.BTIM3_IRQHandler  interrupts_cw32l010.o
    0x00003686   0x00003686   0x00000002   Code   RO         1707    i.CLKFAULT_IRQHandler  interrupts_cw32l010.o
    0x00003688   0x00003688   0x00000002   Code   RO         1708    i.FLASHRAM_IRQHandler  interrupts_cw32l010.o
    0x0000368a   0x0000368a   0x00000002   PAD
    0x0000368c   0x0000368c   0x00000070   Code   RO          446    i.FLASH_ErasePages  cw32l010_flash.o
    0x000036fc   0x000036fc   0x00000010   Code   RO          451    i.FLASH_LockAllPages  cw32l010_flash.o
    0x0000370c   0x0000370c   0x0000005c   Code   RO          454    i.FLASH_SetLatency  cw32l010_flash.o
    0x00003768   0x00003768   0x0000005c   Code   RO          458    i.FLASH_UnlockPages  cw32l010_flash.o
    0x000037c4   0x000037c4   0x00000074   Code   RO          459    i.FLASH_WriteBytes  cw32l010_flash.o
    0x00003838   0x00003838   0x00000002   Code   RO         1709    i.GPIOA_IRQHandler  interrupts_cw32l010.o
    0x0000383a   0x0000383a   0x00000002   Code   RO         1710    i.GPIOB_IRQHandler  interrupts_cw32l010.o
    0x0000383c   0x0000383c   0x000000d8   Code   RO          365    i.GPIO_Init         cw32l010_gpio.o
    0x00003914   0x00003914   0x00000012   Code   RO          367    i.GPIO_ReadPin      cw32l010_gpio.o
    0x00003926   0x00003926   0x0000000c   Code   RO          371    i.GPIO_WritePin     cw32l010_gpio.o
    0x00003932   0x00003932   0x00000002   Code   RO         1711    i.GTIM1_IRQHandler  interrupts_cw32l010.o
    0x00003934   0x00003934   0x0000005c   Code   RO         1115    i.GTIM_Cmd          cw32l010_gtim.o
    0x00003990   0x00003990   0x00000058   Code   RO         1131    i.GTIM_OC1Cmd       cw32l010_gtim.o
    0x000039e8   0x000039e8   0x00000100   Code   RO         1132    i.GTIM_OC1ModeCfg   cw32l010_gtim.o
    0x00003ae8   0x00003ae8   0x0000005c   Code   RO         1133    i.GTIM_OC2Cmd       cw32l010_gtim.o
    0x00003b44   0x00003b44   0x00000108   Code   RO         1134    i.GTIM_OC2ModeCfg   cw32l010_gtim.o
    0x00003c4c   0x00003c4c   0x00000060   Code   RO         1135    i.GTIM_OC3Cmd       cw32l010_gtim.o
    0x00003cac   0x00003cac   0x00000104   Code   RO         1136    i.GTIM_OC3ModeCfg   cw32l010_gtim.o
    0x00003db0   0x00003db0   0x00000060   Code   RO         1137    i.GTIM_OC4Cmd       cw32l010_gtim.o
    0x00003e10   0x00003e10   0x0000010c   Code   RO         1138    i.GTIM_OC4ModeCfg   cw32l010_gtim.o
    0x00003f1c   0x00003f1c   0x00000040   Code   RO         1140    i.GTIM_SetCompare1  cw32l010_gtim.o
    0x00003f5c   0x00003f5c   0x00000040   Code   RO         1141    i.GTIM_SetCompare2  cw32l010_gtim.o
    0x00003f9c   0x00003f9c   0x0000003c   Code   RO         1142    i.GTIM_SetCompare3  cw32l010_gtim.o
    0x00003fd8   0x00003fd8   0x00000040   Code   RO         1143    i.GTIM_SetCompare4  cw32l010_gtim.o
    0x00004018   0x00004018   0x00000110   Code   RO         1148    i.GTIM_TimeBaseInit  cw32l010_gtim.o
    0x00004128   0x00004128   0x0000000c   Code   RO          569    i.GetTick           cw32l010_systick.o
    0x00004134   0x00004134   0x00000010   Code   RO         2423    i.Grayscale_Init    gray.o
    0x00004144   0x00004144   0x00000016   Code   RO         2017    i.HAL_ADC_MspInit   adc.o
    0x0000415a   0x0000415a   0x00000002   Code   RO         2051    i.HAL_Flash_Init    flash.o
    0x0000415c   0x0000415c   0x00000028   Code   RO         2052    i.HAL_Flash_Read    flash.o
    0x00004184   0x00004184   0x00000044   Code   RO         2053    i.HAL_Flash_Sync    flash.o
    0x000041c8   0x000041c8   0x00000020   Code   RO         2054    i.HAL_Flash_Write   flash.o
    0x000041e8   0x000041e8   0x00000088   Code   RO         2094    i.HAL_I2c_MspInit   i2c.o
    0x00004270   0x00004270   0x0000015c   Code   RO         1983    i.HAL_TIME_GPIO_Init  time.o
    0x000043cc   0x000043cc   0x00000014   Code   RO         1938    i.HAL_UART_Init     uart.o
    0x000043e0   0x000043e0   0x00000004   Code   RO         1712    i.HardFault_Handler  interrupts_cw32l010.o
    0x000043e4   0x000043e4   0x0000002c   Code   RO         1501    i.I2C1_DeInit       cw32l010_i2c.o
    0x00004410   0x00004410   0x00000008   Code   RO         1713    i.I2C1_IRQHandler   interrupts_cw32l010.o
    0x00004418   0x00004418   0x00000118   Code   RO         2095    i.I2C1_IRQHandlerCallback  i2c.o
    0x00004530   0x00004530   0x00000064   Code   RO         1503    i.I2C_AcknowledgeConfig  cw32l010_i2c.o
    0x00004594   0x00004594   0x00000064   Code   RO         1505    i.I2C_Cmd           cw32l010_i2c.o
    0x000045f8   0x000045f8   0x00000064   Code   RO         1508    i.I2C_FilterConfig  cw32l010_i2c.o
    0x0000465c   0x0000465c   0x00000064   Code   RO         1509    i.I2C_GcConfig      cw32l010_i2c.o
    0x000046c0   0x000046c0   0x0000004c   Code   RO         1521    i.I2C_SetOwnSlaveAddress0  cw32l010_i2c.o
    0x0000470c   0x0000470c   0x0000004c   Code   RO         1522    i.I2C_SetOwnSlaveAddress1  cw32l010_i2c.o
    0x00004758   0x00004758   0x0000004c   Code   RO         1523    i.I2C_SetOwnSlaveAddress2  cw32l010_i2c.o
    0x000047a4   0x000047a4   0x0000007c   Code   RO         1526    i.I2C_Slave_Init    cw32l010_i2c.o
    0x00004820   0x00004820   0x0000006c   Code   RO          570    i.InitTick          cw32l010_systick.o
    0x0000488c   0x0000488c   0x00000002   Code   RO         1714    i.LPTIM_IRQHandler  interrupts_cw32l010.o
    0x0000488e   0x0000488e   0x00000002   Code   RO         1715    i.LVD_IRQHandler    interrupts_cw32l010.o
    0x00004890   0x00004890   0x00000040   Code   RO         2018    i.MAX_ADC_Init      adc.o
    0x000048d0   0x000048d0   0x000000a8   Code   RO         1984    i.MAX_ATIME_Init    time.o
    0x00004978   0x00004978   0x000000f0   Code   RO         1985    i.MAX_GTIME_Init    time.o
    0x00004a68   0x00004a68   0x0000009c   Code   RO         2096    i.MAX_I2C_Init      i2c.o
    0x00004b04   0x00004b04   0x00000014   Code   RO         2097    i.MAX_I2C_addr_get_other  i2c.o
    0x00004b18   0x00004b18   0x00000034   Code   RO         2098    i.MAX_I2C_addr_other_changle  i2c.o
    0x00004b4c   0x00004b4c   0x0000003c   Code   RO         1939    i.MAX_UART2_Init    uart.o
    0x00004b88   0x00004b88   0x00000038   Code   RO         1918    i.MX_GPIO_Init      gpio.o
    0x00004bc0   0x00004bc0   0x00000002   Code   RO         1716    i.NMI_Handler       interrupts_cw32l010.o
    0x00004bc2   0x00004bc2   0x00000002   Code   RO         1717    i.PendSV_Handler    interrupts_cw32l010.o
    0x00004bc4   0x00004bc4   0x00000002   Code   RO         1718    i.RTC_IRQHandler    interrupts_cw32l010.o
    0x00004bc6   0x00004bc6   0x00000002   Code   RO         1719    i.SPI1_IRQHandler   interrupts_cw32l010.o
    0x00004bc8   0x00004bc8   0x00000002   Code   RO         1720    i.SVC_Handler       interrupts_cw32l010.o
    0x00004bca   0x00004bca   0x00000002   PAD
    0x00004bcc   0x00004bcc   0x00000070   Code   RO           85    i.SYSCTRL_AHBPeriphClk_Enable  cw32l010_sysctrl.o
    0x00004c3c   0x00004c3c   0x0000006c   Code   RO           87    i.SYSCTRL_APBPeriphClk_Enable1  cw32l010_sysctrl.o
    0x00004ca8   0x00004ca8   0x00000080   Code   RO           98    i.SYSCTRL_GetHClkFreq  cw32l010_sysctrl.o
    0x00004d28   0x00004d28   0x0000011c   Code   RO          111    i.SYSCTRL_HSI_Enable  cw32l010_sysctrl.o
    0x00004e44   0x00004e44   0x00000002   Code   RO         1721    i.SYSCTRL_IRQHandler  interrupts_cw32l010.o
    0x00004e46   0x00004e46   0x00000002   PAD
    0x00004e48   0x00004e48   0x00000114   Code   RO          124    i.SYSCTRL_SysClk_Switch  cw32l010_sysctrl.o
    0x00004f5c   0x00004f5c   0x0000000c   Code   RO          125    i.SYSCTRL_SystemCoreClockUpdate  cw32l010_sysctrl.o
    0x00004f68   0x00004f68   0x0000001a   Code   RO          573    i.SysTickDelay      cw32l010_systick.o
    0x00004f82   0x00004f82   0x00000002   PAD
    0x00004f84   0x00004f84   0x00000018   Code   RO          574    i.SysTick_Handler   cw32l010_systick.o
    0x00004f9c   0x00004f9c   0x0000006c   Code   RO         1860    i.SystemClock_Config  main.o
    0x00005008   0x00005008   0x00000010   Code   RO           13    i.SystemCoreClockUpdate  system_cw32l010.o
    0x00005018   0x00005018   0x0000003c   Code   RO           14    i.SystemInit        system_cw32l010.o
    0x00005054   0x00005054   0x00000002   Code   RO         1722    i.UART1_IRQHandler  interrupts_cw32l010.o
    0x00005056   0x00005056   0x00000002   Code   RO         1723    i.UART2_IRQHandler  interrupts_cw32l010.o
    0x00005058   0x00005058   0x0000032c   Code   RO          646    i.UART_Init         cw32l010_uart.o
    0x00005384   0x00005384   0x0000008c   Code   RO         1940    i.UART_MspInit      uart.o
    0x00005410   0x00005410   0x00000002   Code   RO         1724    i.VC1_IRQHandler    interrupts_cw32l010.o
    0x00005412   0x00005412   0x00000002   Code   RO         1725    i.VC2_IRQHandler    interrupts_cw32l010.o
    0x00005414   0x00005414   0x00000002   Code   RO         1726    i.WDT_IRQHandler    interrupts_cw32l010.o
    0x00005416   0x00005416   0x0000002e   Code   RO         2649    i.__ARM_clz         mf_p.l(depilogue.o)
    0x00005444   0x00005444   0x0000001c   Code   RO         1103    i.__ARM_common_switch8  cw32l010_atim.o
    0x00005460   0x00005460   0x00000078   Code   RO          575    i.__NVIC_SetPriority  cw32l010_systick.o
    0x000054d8   0x000054d8   0x0000000e   Code   RO         2655    i.__scatterload_copy  mc_p.l(handlers.o)
    0x000054e6   0x000054e6   0x00000002   Code   RO         2656    i.__scatterload_null  mc_p.l(handlers.o)
    0x000054e8   0x000054e8   0x0000000e   Code   RO         2657    i.__scatterload_zeroinit  mc_p.l(handlers.o)
    0x000054f6   0x000054f6   0x00000002   Code   RO         1861    i.assert_failed     main.o
    0x000054f8   0x000054f8   0x00000030   Code   RO         2385    i.binary_identify   binary.o
    0x00005528   0x00005528   0x00000008   Code   RO         2387    i.binary_study      binary.o
    0x00005530   0x00005530   0x00000014   Code   RO         2486    i.clear_color2_study  color2.o
    0x00005544   0x00005544   0x000000b8   Code   RO         2487    i.color2_identify   color2.o
    0x000055fc   0x000055fc   0x00000010   Code   RO         2488    i.color2_init       color2.o
    0x0000560c   0x0000560c   0x000000d8   Code   RO         2489    i.color2_study      color2.o
    0x000056e4   0x000056e4   0x0000005c   Code   RO         2490    i.color_hsv_sort_h  color2.o
    0x00005740   0x00005740   0x0000000a   Code   RO         2279    i.flash_init        sys_config_and_flash.o
    0x0000574a   0x0000574a   0x0000000a   Code   RO         2280    i.flash_sync        sys_config_and_flash.o
    0x00005754   0x00005754   0x00000054   Code   RO         2564    i.free              mc_p.l(malloc.o)
    0x000057a8   0x000057a8   0x00000100   Code   RO         2424    i.gary_identify     gray.o
    0x000058a8   0x000058a8   0x000000f8   Code   RO         2425    i.gary_study        gray.o
    0x000059a0   0x000059a0   0x0000004e   Code   RO         2491    i.getColorOffset    color2.o
    0x000059ee   0x000059ee   0x00000010   Code   RO         2019    i.get_adc_val       adc.o
    0x000059fe   0x000059fe   0x00000016   Code   RO         2281    i.get_sys_conf_data  sys_config_and_flash.o
    0x00005a14   0x00005a14   0x00000032   Code   RO         2283    i.get_sys_config_addr_offset  sys_config_and_flash.o
    0x00005a46   0x00005a46   0x00000032   Code   RO         2284    i.get_sys_config_data  sys_config_and_flash.o
    0x00005a78   0x00005a78   0x00000018   Code   RO         2285    i.get_sys_config_data_offset  sys_config_and_flash.o
    0x00005a90   0x00005a90   0x00000016   Code   RO         2286    i.get_sys_config_info_data_size  sys_config_and_flash.o
    0x00005aa6   0x00005aa6   0x00000002   PAD
    0x00005aa8   0x00005aa8   0x00000018   Code   RO         2287    i.get_sys_config_info_handle  sys_config_and_flash.o
    0x00005ac0   0x00005ac0   0x00000016   Code   RO         2288    i.get_sys_config_info_occupation_size  sys_config_and_flash.o
    0x00005ad6   0x00005ad6   0x00000002   PAD
    0x00005ad8   0x00005ad8   0x00000100   Code   RO         2147    i.key_event_handling  control.o
    0x00005bd8   0x00005bd8   0x0000000c   Code   RO         2148    i.key_on_click_cb   control.o
    0x00005be4   0x00005be4   0x0000000c   Code   RO         2149    i.key_on_long_cb    control.o
    0x00005bf0   0x00005bf0   0x00000160   Code   RO         2150    i.loop              control.o
    0x00005d50   0x00005d50   0x00000116   Code   RO         2242    i.lv_color_rgb_to_hsv  mymath.o
    0x00005e66   0x00005e66   0x0000002e   Code   RO         1862    i.main              main.o
    0x00005e94   0x00005e94   0x0000006c   Code   RO         2565    i.malloc            mc_p.l(malloc.o)
    0x00005f00   0x00005f00   0x0000000e   Code   RO         2243    i.max               mymath.o
    0x00005f0e   0x00005f0e   0x0000000e   Code   RO         2244    i.min               mymath.o
    0x00005f1c   0x00005f1c   0x00000024   Code   RO         2151    i.other_addr_light_color  control.o
    0x00005f40   0x00005f40   0x00000016   Code   RO         2289    i.read_data_from_flash  sys_config_and_flash.o
    0x00005f56   0x00005f56   0x00000002   PAD
    0x00005f58   0x00005f58   0x000000a8   Code   RO         2492    i.rgb2hsv           color2.o
    0x00006000   0x00006000   0x0000007c   Code   RO         2215    i.set_light_brightness  light.o
    0x0000607c   0x0000607c   0x00000078   Code   RO         2216    i.set_rgb_brightness  light.o
    0x000060f4   0x000060f4   0x0000006c   Code   RO         2290    i.set_sys_config_info  sys_config_and_flash.o
    0x00006160   0x00006160   0x00000038   Code   RO         2152    i.setup             control.o
    0x00006198   0x00006198   0x0000000a   Code   RO         2291    i.sync_sys_config_info  sys_config_and_flash.o
    0x000061a2   0x000061a2   0x000000b4   Code   RO         2292    i.sys_config_info_init  sys_config_and_flash.o
    0x00006256   0x00006256   0x00000060   Code   RO         2293    i.sys_config_version_verify  sys_config_and_flash.o
    0x000062b6   0x000062b6   0x00000002   PAD
    0x000062b8   0x000062b8   0x00000020   Code   RO         2426    i.update_Grayscale_flashdata  gray.o
    0x000062d8   0x000062d8   0x00000018   Code   RO         2493    i.update_flash_data  color2.o
    0x000062f0   0x000062f0   0x00000016   Code   RO         2294    i.write_data_to_flash  sys_config_and_flash.o
    0x00006306   0x00006306   0x00000002   PAD
    0x00006308   0x00006308   0x00000040   Data   RO          127    .constdata          cw32l010_sysctrl.o
    0x00006348   0x00006348   0x00000004   Data   RO         2099    .constdata          i2c.o
    0x0000634c   0x0000634c   0x00000042   Data   RO         2154    .constdata          control.o
    0x0000638e   0x0000638e   0x00000002   PAD
    0x00006390   0x00006390   0x0000000c   Data   RO         2296    .constdata          sys_config_and_flash.o
    0x0000639c   0x0000639c   0x00000020   Data   RO         2653    Region$$Table       anon$$obj.o


    Execution Region RW_IRAM1 (Exec base: 0x20000000, Load base: 0x000063bc, Size: 0x000006b0, Max: 0x00001000, ABSOLUTE)

    Exec Addr    Load Addr    Size         Type   Attr      Idx    E Section Name        Object

    0x20000000   0x000063bc   0x00000004   Data   RW           15    .data               system_cw32l010.o
    0x20000004   0x000063c0   0x00000009   Data   RW          576    .data               cw32l010_systick.o
    0x2000000d   0x000063c9   0x00000003   PAD
    0x20000010   0x000063cc   0x00000008   Data   RW         1986    .data               time.o
    0x20000018   0x000063d4   0x00000004   Data   RW         2020    .data               adc.o
    0x2000001c   0x000063d8   0x00000001   Data   RW         2100    .data               i2c.o
    0x2000001d   0x000063d9   0x00000005   Data   RW         2155    .data               control.o
    0x20000022   0x000063de   0x00000002   PAD
    0x20000024   0x000063e0   0x00000064   Data   RW         2297    .data               sys_config_and_flash.o
    0x20000088   0x00006444   0x00000001   Data   RW         2388    .data               binary.o
    0x20000089   0x00006445   0x00000003   PAD
    0x2000008c   0x00006448   0x00000015   Data   RW         2427    .data               gray.o
    0x200000a1   0x0000645d   0x00000003   PAD
    0x200000a4   0x00006460   0x00000014   Data   RW         2466    .data               register.o
    0x200000b8   0x00006474   0x00000001   Data   RW         2495    .data               color2.o
    0x200000b9   0x00006475   0x00000003   PAD
    0x200000bc   0x00006478   0x00000004   Data   RW         2642    .data               mc_p.l(mvars.o)
    0x200000c0   0x0000647c   0x00000004   Data   RW         2643    .data               mc_p.l(mvars.o)
    0x200000c4        -       0x0000001c   Zero   RW         1943    .bss                uart.o
    0x200000e0        -       0x000000c8   Zero   RW         2055    .bss                flash.o
    0x200001a8        -       0x00000014   Zero   RW         2153    .bss                control.o
    0x200001bc        -       0x00000030   Zero   RW         2295    .bss                sys_config_and_flash.o
    0x200001ec        -       0x000000c4   Zero   RW         2494    .bss                color2.o
    0x200002b0        -       0x00000200   Zero   RW            2    HEAP                startup_cw32l010.o
    0x200004b0        -       0x00000200   Zero   RW            1    STACK               startup_cw32l010.o


==============================================================================

Image component sizes


      Code (inc. data)   RO Data    RW Data    ZI Data      Debug   Object Name

       102          6          0          4          0       1783   adc.o
        56         10          0          1          0       1429   binary.o
       798         44          0          1        196       5916   color2.o
       724         70         66          5         20       6057   control.o
       690        106          0          0          0       8596   cw32l010_adc.o
      1164        220          0          0          0      16175   cw32l010_atim.o
       428         92          0          0          0       3422   cw32l010_flash.o
       246         10          0          0          0      19147   cw32l010_gpio.o
      2036        482          0          0          0      15435   cw32l010_gtim.o
       796        282          0          0          0       6853   cw32l010_i2c.o
       920        208         64          0          0       4177   cw32l010_sysctrl.o
       290         42          0          9          0      11649   cw32l010_systick.o
       812         64          0          0          0       7040   cw32l010_uart.o
       142         16          0          0        200       2741   flash.o
        56         10          0          0          0        455   gpio.o
       552         40          0         21          0       3441   gray.o
       644         64          4          1          0      11187   i2c.o
        58          0          0          0          0      10533   interrupts_cw32l010.o
       244         12          0          0          0       1136   light.o
       156         18          0          0          0       3519   main.o
       306          0          0          0          0       2102   mymath.o
         0          0          0         20          0        937   register.o
        40         14        192          0       1024        616   startup_cw32l010.o
       672          6         12        100         48      10161   sys_config_and_flash.o
        76         18          0          4          0     109959   system_cw32l010.o
       756         58          0          8          0       2292   time.o
       220         24          0          0         28       1902   uart.o

    ----------------------------------------------------------------------
     13008       1916        372        188       1516     268660   Object Totals
         0          0         32          0          0          0   (incl. Generated)
        24          0          2         14          0          0   (incl. Padding)

    ----------------------------------------------------------------------

      Code (inc. data)   RO Data    RW Data    ZI Data      Debug   Library Member Name

         0          0          0          0          0          0   entry.o
         0          0          0          0          0          0   entry10a.o
         0          0          0          0          0          0   entry11a.o
         8          4          0          0          0          0   entry2.o
         4          0          0          0          0          0   entry5.o
         0          0          0          0          0          0   entry7b.o
         0          0          0          0          0          0   entry8b.o
         8          4          0          0          0          0   entry9a.o
        30          0          0          0          0          0   handlers.o
        40          0          0          0          0         72   idiv.o
        36          8          0          0          0         68   init.o
         0          0          0          0          0          0   iusefp.o
        32          0          0          0          0         68   llshl.o
        38          0          0          0          0         68   llsshr.o
        34          0          0          0          0         68   llushr.o
       192         20          0          0          0        144   malloc.o
        36          0          0          0          0         60   memcpya.o
        36          0          0          0          0        100   memseta.o
         0          0          0          8          0          0   mvars.o
        44          0          0          0          0         72   uidiv.o
       356          4          0          0          0        140   dadd.o
       236          0          0          0          0        216   depilogue.o
        60         10          0          0          0         68   dfixui.o
        40          0          0          0          0         60   f2d.o
       178          0          0          0          0        108   fadd.o
       124          0          0          0          0         72   fdiv.o
       130          0          0          0          0        144   fepilogue.o
        50          0          0          0          0         60   ffixi.o
        40          0          0          0          0         60   ffixui.o
        22          0          0          0          0         68   fflti.o
        14          0          0          0          0         68   ffltui.o
       122          0          0          0          0         72   fmul.o

    ----------------------------------------------------------------------
      1912         50          0          8          0       1856   Library Totals
         2          0          0          0          0          0   (incl. Padding)

    ----------------------------------------------------------------------

      Code (inc. data)   RO Data    RW Data    ZI Data      Debug   Library Name

       538         36          0          8          0        720   mc_p.l
      1372         14          0          0          0       1136   mf_p.l

    ----------------------------------------------------------------------
      1912         50          0          8          0       1856   Library Totals

    ----------------------------------------------------------------------

==============================================================================


      Code (inc. data)   RO Data    RW Data    ZI Data      Debug   

     14920       1966        372        196       1516     263452   Grand Totals
     14920       1966        372        196       1516     263452   ELF Image Totals
     14920       1966        372        196          0          0   ROM Totals

==============================================================================

    Total RO  Size (Code + RO Data)                15292 (  14.93kB)
    Total RW  Size (RW Data + ZI Data)              1712 (   1.67kB)
    Total ROM Size (Code + RO Data + RW Data)      15488 (  15.13kB)

==============================================================================

